Archive member included to satisfy reference by file (symbol)

c:/st/stm32cubeide_1.9.0/stm32cubeide/plugins/com.st.stm32cube.ide.mcu.externaltools.gnu-tools-for-stm32.10.3-2021.10.win32_1.0.0.202111181127/tools/bin/../lib/gcc/arm-none-eabi/10.3.1/../../../../arm-none-eabi/lib/thumb/v6-m/nofp\libc_nano.a(lib_a-atoi.o)
                              ./Core/Src/decode_packet.o (atoi)
c:/st/stm32cubeide_1.9.0/stm32cubeide/plugins/com.st.stm32cube.ide.mcu.externaltools.gnu-tools-for-stm32.10.3-2021.10.win32_1.0.0.202111181127/tools/bin/../lib/gcc/arm-none-eabi/10.3.1/../../../../arm-none-eabi/lib/thumb/v6-m/nofp\libc_nano.a(lib_a-errno.o)
                              ./Core/Src/syscalls.o (__errno)
c:/st/stm32cubeide_1.9.0/stm32cubeide/plugins/com.st.stm32cube.ide.mcu.externaltools.gnu-tools-for-stm32.10.3-2021.10.win32_1.0.0.202111181127/tools/bin/../lib/gcc/arm-none-eabi/10.3.1/../../../../arm-none-eabi/lib/thumb/v6-m/nofp\libc_nano.a(lib_a-exit.o)
                              c:/st/stm32cubeide_1.9.0/stm32cubeide/plugins/com.st.stm32cube.ide.mcu.externaltools.gnu-tools-for-stm32.10.3-2021.10.win32_1.0.0.202111181127/tools/bin/../lib/gcc/arm-none-eabi/10.3.1/../../../../arm-none-eabi/lib/thumb/v6-m/nofp/crt0.o (exit)
c:/st/stm32cubeide_1.9.0/stm32cubeide/plugins/com.st.stm32cube.ide.mcu.externaltools.gnu-tools-for-stm32.10.3-2021.10.win32_1.0.0.202111181127/tools/bin/../lib/gcc/arm-none-eabi/10.3.1/../../../../arm-none-eabi/lib/thumb/v6-m/nofp\libc_nano.a(lib_a-impure.o)
                              c:/st/stm32cubeide_1.9.0/stm32cubeide/plugins/com.st.stm32cube.ide.mcu.externaltools.gnu-tools-for-stm32.10.3-2021.10.win32_1.0.0.202111181127/tools/bin/../lib/gcc/arm-none-eabi/10.3.1/../../../../arm-none-eabi/lib/thumb/v6-m/nofp\libc_nano.a(lib_a-exit.o) (_global_impure_ptr)
c:/st/stm32cubeide_1.9.0/stm32cubeide/plugins/com.st.stm32cube.ide.mcu.externaltools.gnu-tools-for-stm32.10.3-2021.10.win32_1.0.0.202111181127/tools/bin/../lib/gcc/arm-none-eabi/10.3.1/../../../../arm-none-eabi/lib/thumb/v6-m/nofp\libc_nano.a(lib_a-init.o)
                              c:/st/stm32cubeide_1.9.0/stm32cubeide/plugins/com.st.stm32cube.ide.mcu.externaltools.gnu-tools-for-stm32.10.3-2021.10.win32_1.0.0.202111181127/tools/bin/../lib/gcc/arm-none-eabi/10.3.1/../../../../arm-none-eabi/lib/thumb/v6-m/nofp/crt0.o (__libc_init_array)
c:/st/stm32cubeide_1.9.0/stm32cubeide/plugins/com.st.stm32cube.ide.mcu.externaltools.gnu-tools-for-stm32.10.3-2021.10.win32_1.0.0.202111181127/tools/bin/../lib/gcc/arm-none-eabi/10.3.1/../../../../arm-none-eabi/lib/thumb/v6-m/nofp\libc_nano.a(lib_a-memcpy-stub.o)
                              ./Core/Src/decode_packet.o (memcpy)
c:/st/stm32cubeide_1.9.0/stm32cubeide/plugins/com.st.stm32cube.ide.mcu.externaltools.gnu-tools-for-stm32.10.3-2021.10.win32_1.0.0.202111181127/tools/bin/../lib/gcc/arm-none-eabi/10.3.1/../../../../arm-none-eabi/lib/thumb/v6-m/nofp\libc_nano.a(lib_a-memset.o)
                              c:/st/stm32cubeide_1.9.0/stm32cubeide/plugins/com.st.stm32cube.ide.mcu.externaltools.gnu-tools-for-stm32.10.3-2021.10.win32_1.0.0.202111181127/tools/bin/../lib/gcc/arm-none-eabi/10.3.1/../../../../arm-none-eabi/lib/thumb/v6-m/nofp/crt0.o (memset)
c:/st/stm32cubeide_1.9.0/stm32cubeide/plugins/com.st.stm32cube.ide.mcu.externaltools.gnu-tools-for-stm32.10.3-2021.10.win32_1.0.0.202111181127/tools/bin/../lib/gcc/arm-none-eabi/10.3.1/../../../../arm-none-eabi/lib/thumb/v6-m/nofp\libc_nano.a(lib_a-snprintf.o)
                              ./Core/Src/decode_packet.o (snprintf)
c:/st/stm32cubeide_1.9.0/stm32cubeide/plugins/com.st.stm32cube.ide.mcu.externaltools.gnu-tools-for-stm32.10.3-2021.10.win32_1.0.0.202111181127/tools/bin/../lib/gcc/arm-none-eabi/10.3.1/../../../../arm-none-eabi/lib/thumb/v6-m/nofp\libc_nano.a(lib_a-sprintf.o)
                              ./Core/Src/eeprom.o (sprintf)
c:/st/stm32cubeide_1.9.0/stm32cubeide/plugins/com.st.stm32cube.ide.mcu.externaltools.gnu-tools-for-stm32.10.3-2021.10.win32_1.0.0.202111181127/tools/bin/../lib/gcc/arm-none-eabi/10.3.1/../../../../arm-none-eabi/lib/thumb/v6-m/nofp\libc_nano.a(lib_a-strchr.o)
                              ./Core/Src/decode_packet.o (strchr)
c:/st/stm32cubeide_1.9.0/stm32cubeide/plugins/com.st.stm32cube.ide.mcu.externaltools.gnu-tools-for-stm32.10.3-2021.10.win32_1.0.0.202111181127/tools/bin/../lib/gcc/arm-none-eabi/10.3.1/../../../../arm-none-eabi/lib/thumb/v6-m/nofp\libc_nano.a(lib_a-strlen.o)
                              ./Core/Src/decode_packet.o (strlen)
c:/st/stm32cubeide_1.9.0/stm32cubeide/plugins/com.st.stm32cube.ide.mcu.externaltools.gnu-tools-for-stm32.10.3-2021.10.win32_1.0.0.202111181127/tools/bin/../lib/gcc/arm-none-eabi/10.3.1/../../../../arm-none-eabi/lib/thumb/v6-m/nofp\libc_nano.a(lib_a-strtol.o)
[...]
Memory Configuration

Name             Origin             Length             Attributes
RAM              0x0000000020000000 0x0000000000004000 xrw
FLASH            0x0000000008000000 0x0000000000020000 xr
*default*        0x0000000000000000 0xffffffffffffffff

Linker script and memory map

LOAD c:/st/stm32cubeide_1.9.0/stm32cubeide/plugins/com.st.stm32cube.ide.mcu.externaltools.gnu-tools-for-stm32.10.3-2021.10.win32_1.0.0.202111181127/tools/bin/../lib/gcc/arm-none-eabi/10.3.1/thumb/v6-m/nofp/crti.o
LOAD c:/st/stm32cubeide_1.9.0/stm32cubeide/plugins/com.st.stm32cube.ide.mcu.externaltools.gnu-tools-for-stm32.10.3-2021.10.win32_1.0.0.202111181127/tools/bin/../lib/gcc/arm-none-eabi/10.3.1/thumb/v6-m/nofp/crtbegin.o
LOAD c:/st/stm32cubeide_1.9.0/stm32cubeide/plugins/com.st.stm32cube.ide.mcu.externaltools.gnu-tools-for-stm32.10.3-2021.10.win32_1.0.0.202111181127/tools/bin/../lib/gcc/arm-none-eabi/10.3.1/../../../../arm-none-eabi/lib/thumb/v6-m/nofp/crt0.o
LOAD ./Core/Src/addressable_led.o
LOAD ./Core/Src/colors.o
LOAD ./Core/Src/decode_packet.o
LOAD ./Core/Src/eeprom.o
LOAD ./Core/Src/functions.o
LOAD ./Core/Src/main.o
LOAD ./Core/Src/servo.o
LOAD ./Core/Src/stm32f0xx_hal_msp.o
LOAD ./Core/Src/stm32f0xx_it.o
LOAD ./Core/Src/syscalls.o
LOAD ./Core/Src/sysmem.o
LOAD ./Core/Src/system_stm32f0xx.o
LOAD ./Core/Src/uart.o
LOAD ./Core/Startup/startup_stm32f072cbtx.o
LOAD ./Drivers/STM32F0xx_HAL_Driver/Src/stm32f0xx_hal.o
LOAD ./Drivers/STM32F0xx_HAL_Driver/Src/stm32f0xx_hal_adc.o
LOAD ./Drivers/STM32F0xx_HAL_Driver/Src/stm32f0xx_hal_adc_ex.o
LOAD ./Drivers/STM32F0xx_HAL_Driver/Src/stm32f0xx_hal_cortex.o
LOAD ./Drivers/STM32F0xx_HAL_Driver/Src/stm32f0xx_hal_dma.o
LOAD ./Drivers/STM32F0xx_HAL_Driver/Src/stm32f0xx_hal_exti.o
LOAD ./Drivers/STM32F0xx_HAL_Driver/Src/stm32f0xx_hal_flash.o
LOAD ./Drivers/STM32F0xx_HAL_Driver/Src/stm32f0xx_hal_flash_ex.o
LOAD ./Drivers/STM32F0xx_HAL_Driver/Src/stm32f0xx_hal_gpio.o
LOAD ./Drivers/STM32F0xx_HAL_Driver/Src/stm32f0xx_hal_i2c.o
LOAD ./Drivers/STM32F0xx_HAL_Driver/Src/stm32f0xx_hal_i2c_ex.o
LOAD ./Drivers/STM32F0xx_HAL_Driver/Src/stm32f0xx_hal_pwr.o
LOAD ./Drivers/STM32F0xx_HAL_Driver/Src/stm32f0xx_hal_pwr_ex.o
LOAD ./Drivers/STM32F0xx_HAL_Driver/Src/stm32f0xx_hal_rcc.o
LOAD ./Drivers/STM32F0xx_HAL_Driver/Src/stm32f0xx_hal_rcc_ex.o
LOAD ./Drivers/STM32F0xx_HAL_Driver/Src/stm32f0xx_hal_tim.o
LOAD ./Drivers/STM32F0xx_HAL_Driver/Src/stm32f0xx_hal_tim_ex.o
LOAD ./Drivers/STM32F0xx_HAL_Driver/Src/stm32f0xx_hal_uart.o
LOAD ./Drivers/STM32F0xx_HAL_Driver/Src/stm32f0xx_hal_uart_ex.o
START GROUP
LOAD c:/st/stm32cubeide_1.9.0/stm32cubeide/plugins/com.st.stm32cube.ide.mcu.externaltools.gnu-tools-for-stm32.10.3-2021.10.win32_1.0.0.202111181127/tools/bin/../lib/gcc/arm-none-eabi/10.3.1/../../../../arm-none-eabi/lib/thumb/v6-m/nofp\libc_nano.a
LOAD c:/st/stm32cubeide_1.9.0/stm32cubeide/plugins/com.st.stm32cube.ide.mcu.externaltools.gnu-tools-for-stm32.10.3-2021.10.win32_1.0.0.202111181127/tools/bin/../lib/gcc/arm-none-eabi/10.3.1/../../../../arm-none-eabi/lib/thumb/v6-m/nofp\libm.a
END GROUP
START GROUP
LOAD c:/st/stm32cubeide_1.9.0/stm32cubeide/plugins/com.st.stm32cube.ide.mcu.externaltools.gnu-tools-for-stm32.10.3-2021.10.win32_1.0.0.202111181127/tools/bin/../lib/gcc/arm-none-eabi/10.3.1/thumb/v6-m/nofp\libgcc.a
LOAD c:/st/stm32cubeide_1.9.0/stm32cubeide/plugins/com.st.stm32cube.ide.mcu.externaltools.gnu-tools-for-stm32.10.3-2021.10.win32_1.0.0.202111181127/tools/bin/../lib/gcc/arm-none-eabi/10.3.1/../../../../arm-none-eabi/lib/thumb/v6-m/nofp\libc_nano.a
END GROUP
START GROUP
LOAD c:/st/stm32cubeide_1.9.0/stm32cubeide/plugins/com.st.stm32cube.ide.mcu.externaltools.gnu-tools-for-stm32.10.3-2021.10.win32_1.0.0.202111181127/tools/bin/../lib/gcc/arm-none-eabi/10.3.1/thumb/v6-m/nofp\libgcc.a
LOAD c:/st/stm32cubeide_1.9.0/stm32cubeide/plugins/com.st.stm32cube.ide.mcu.externaltools.gnu-tools-for-stm32.10.3-2021.10.win32_1.0.0.202111181127/tools/bin/../lib/gcc/arm-none-eabi/10.3.1/../../../../arm-none-eabi/lib/thumb/v6-m/nofp\libc_nano.a
LOAD c:/st/stm32cubeide_1.9.0/stm32cubeide/plugins/com.st.stm32cube.ide.mcu.externaltools.gnu-tools-for-stm32.10.3-2021.10.win32_1.0.0.202111181127/tools/bin/../lib/gcc/arm-none-eabi/10.3.1/../../../../arm-none-eabi/lib/thumb/v6-m/nofp\libnosys.a
END GROUP
START GROUP
LOAD c:/st/stm32cubeide_1.9.0/stm32cubeide/plugins/com.st.stm32cube.ide.mcu.externaltools.gnu-tools-for-stm32.10.3-2021.10.win32_1.0.0.202111181127/tools/bin/../lib/gcc/arm-none-eabi/10.3.1/thumb/v6-m/nofp\libgcc.a
LOAD c:/st/stm32cubeide_1.9.0/stm32cubeide/plugins/com.st.stm32cube.ide.mcu.externaltools.gnu-tools-for-stm32.10.3-2021.10.win32_1.0.0.202111181127/tools/bin/../lib/gcc/arm-none-eabi/10.3.1/../../../../arm-none-eabi/lib/thumb/v6-m/nofp\libc_nano.a
LOAD c:/st/stm32cubeide_1.9.0/stm32cubeide/plugins/com.st.stm32cube.ide.mcu.externaltools.gnu-tools-for-stm32.10.3-2021.10.win32_1.0.0.202111181127/tools/bin/../lib/gcc/arm-none-eabi/10.3.1/../../../../arm-none-eabi/lib/thumb/v6-m/nofp\libnosys.a
END GROUP
LOAD c:/st/stm32cubeide_1.9.0/stm32cubeide/plugins/com.st.stm32cube.ide.mcu.externaltools.gnu-tools-for-stm32.10.3-2021.10.win32_1.0.0.202111181127/tools/bin/../lib/gcc/arm-none-eabi/10.3.1/thumb/v6-m/nofp/crtend.o
LOAD c:/st/stm32cubeide_1.9.0/stm32cubeide/plugins/com.st.stm32cube.ide.mcu.externaltools.gnu-tools-for-stm32.10.3-2021.10.win32_1.0.0.202111181127/tools/bin/../lib/gcc/arm-none-eabi/10.3.1/thumb/v6-m/nofp/crtn.o
                0x0000000020004000                _estack = (ORIGIN (RAM) + LENGTH (RAM))
                0x0000000000000200                _Min_Heap_Size = 0x200
                0x0000000000000400                _Min_Stack_Size = 0x400

.isr_vector     0x0000000008000000       0xc0
                0x0000000008000000                . = ALIGN (0x4)
 *(.isr_vector)
 .isr_vector    0x0000000008000000       0xc0 ./Core/Startup/startup_stm32f072cbtx.o
                0x0000000008000000                g_pfnVectors
                0x00000000080000c0                . = ALIGN (0x4)

.text           0x00000000080000c0     0x8000
                0x00000000080000c0                . = ALIGN (0x4)
 *(.text)
 .text          0x00000000080000c0       0x48 c:/st/stm32cubeide_1.9.0/stm32cubeide/plugins/com.st.stm32cube.ide.mcu.externaltools.gnu-tools-for-stm32.10.3-2021.10.win32_1.0.0.202111181127/tools/bin/../lib/gcc/arm-none-eabi/10.3.1/thumb/v6-m/nofp/crtbegin.o
 .text          0x0000000008000108        0xe c:/st/stm32cubeide_1.9.0/stm32cubeide/plugins/com.st.stm32cube.ide.mcu.externaltools.gnu-tools-for-stm32.10.3-2021.10.win32_1.0.0.202111181127/tools/bin/../lib/gcc/arm-none-eabi/10.3.1/../../../../arm-none-eabi/lib/thumb/v6-m/nofp\libc_nano.a(lib_a-strlen.o)
                0x0000000008000108                strlen
 *fill*         0x0000000008000116        0x2 
 .text          0x0000000008000118       0x14 c:/st/stm32cubeide_1.9.0/stm32cubeide/plugins/com.st.stm32cube.ide.mcu.externaltools.gnu-tools-for-stm32.10.3-2021.10.win32_1.0.0.202111181127/tools/bin/../lib/gcc/arm-none-eabi/10.3.1/thumb/v6-m/nofp\libgcc.a(_thumb1_case_shi.o)
                0x0000000008000118                __gnu_thumb1_case_shi
 .text          0x000000000800012c      0x114 c:/st/stm32cubeide_1.9.0/stm32cubeide/plugins/com.st.stm32cube.ide.mcu.externaltools.gnu-tools-for-stm32.10.3-2021.10.win32_1.0.0.202111181127/tools/bin/../lib/gcc/arm-none-eabi/10.3.1/thumb/v6-m/nofp\libgcc.a(_udivsi3.o)
                0x000000000800012c                __aeabi_uidiv
                0x000000000800012c                __udivsi3
                0x0000000008000238                __aeabi_uidivmod
 .text          0x0000000008000240      0x1d4 c:/st/stm32cubeide_1.9.0/stm32cubeide/plugins/com.st.stm32cube.ide.mcu.externaltools.gnu-tools-for-stm32.10.3-2021.10.win32_1.0.0.202111181127/tools/bin/../lib/gcc/arm-none-eabi/10.3.1/thumb/v6-m/nofp\libgcc.a(_divsi3.o)
                0x0000000008000240                __divsi3
                0x0000000008000240                __aeabi_idiv
                0x000000000800040c                __aeabi_idivmod
 .text          0x0000000008000414        0x4 c:/st/stm32cubeide_1.9.0/stm32cubeide/plugins/com.st.stm32cube.ide.mcu.externaltools.gnu-tools-for-stm32.10.3-2021.10.win32_1.0.0.202111181127/tools/bin/../lib/gcc/arm-none-eabi/10.3.1/thumb/v6-m/nofp\libgcc.a(_dvmd_tls.o)
                0x0000000008000414                __aeabi_idiv0
                0x0000000008000414                __aeabi_ldiv0
 .text          0x0000000008000418       0x9c c:/st/stm32cubeide_1.9.0/stm32cubeide/plugins/com.st.stm32cube.ide.mcu.externaltools.gnu-tools-for-stm32.10.3-2021.10.win32_1.0.0.202111181127/tools/bin/../lib/gcc/arm-none-eabi/10.3.1/thumb/v6-m/nofp\libgcc.a(floatsisf.o)
                0x0000000008000418                __aeabi_i2f
 .text          0x00000000080004b4      0x678 c:/st/stm32cubeide_1.9.0/stm32cubeide/plugins/com.st.stm32cube.ide.mcu.externaltools.gnu-tools-for-stm32.10.3-2021.10.win32_1.0.0.202111181127/tools/bin/../lib/gcc/arm-none-eabi/10.3.1/thumb/v6-m/nofp\libgcc.a(adddf3.o)
                0x00000000080004b4                __aeabi_dadd
 .text          0x0000000008000b2c      0x5ec c:/st/stm32cubeide_1.9.0/stm32cubeide/plugins/com.st.stm32cube.ide.mcu.externaltools.gnu-tools-for-stm32.10.3-2021.10.win32_1.0.0.202111181127/tools/bin/../lib/gcc/arm-none-eabi/10.3.1/thumb/v6-m/nofp\libgcc.a(divdf3.o)
                0x0000000008000b2c                __aeabi_ddiv
 .text          0x0000000008001118      0x4d8 c:/st/stm32cubeide_1.9.0/stm32cubeide/plugins/com.st.stm32cube.ide.mcu.externaltools.gnu-tools-for-stm32.10.3-2021.10.win32_1.0.0.202111181127/tools/bin/../lib/gcc/arm-none-eabi/10.3.1/thumb/v6-m/nofp\libgcc.a(muldf3.o)
                0x0000000008001118                __aeabi_dmul
 .text          0x00000000080015f0       0x6c c:/st/stm32cubeide_1.9.0/stm32cubeide/plugins/com.st.stm32cube.ide.mcu.externaltools.gnu-tools-for-stm32.10.3-2021.10.win32_1.0.0.202111181127/tools/bin/../lib/gcc/arm-none-eabi/10.3.1/thumb/v6-m/nofp\libgcc.a(fixdfsi.o)
                0x00000000080015f0                __aeabi_d2iz
 .text          0x000000000800165c       0x90 c:/st/stm32cubeide_1.9.0/stm32cubeide/plugins/com.st.stm32cube.ide.mcu.externaltools.gnu-tools-for-stm32.10.3-2021.10.win32_1.0.0.202111181127/tools/bin/../lib/gcc/arm-none-eabi/10.3.1/thumb/v6-m/nofp\libgcc.a(extendsfdf2.o)
                0x000000000800165c                __aeabi_f2d
 .text          0x00000000080016ec       0x3c c:/st/stm32cubeide_1.9.0/stm32cubeide/plugins/com.st.stm32cube.ide.mcu.externaltools.gnu-tools-for-stm32.10.3-2021.10.win32_1.0.0.202111181127/tools/bin/../lib/gcc/arm-none-eabi/10.3.1/thumb/v6-m/nofp\libgcc.a(_clzsi2.o)
                0x00000000080016ec                __clzsi2
 *(.text*)
 .text.leds_init
                0x0000000008001728       0x4c ./Core/Src/addressable_led.o
                0x0000000008001728                leds_init
 .text.set_color
                0x0000000008001774      0x148 ./Core/Src/addressable_led.o
                0x0000000008001774                set_color
 .text.led_display
                0x00000000080018bc       0x30 ./Core/Src/addressable_led.o
                0x00000000080018bc                led_display
 .text.decode_packet
                0x00000000080018ec      0x174 ./Core/Src/decode_packet.o
                0x00000000080018ec                decode_packet
 .text.split_command
                0x0000000008001a60      0x12c ./Core/Src/decode_packet.o
                0x0000000008001a60                split_command
 .text.getposition
                0x0000000008001b8c       0x3a ./Core/Src/decode_packet.o
                0x0000000008001b8c                getposition
 *fill*         0x0000000008001bc6        0x2 
 .text.press_type_detection
                0x0000000008001bc8       0x9c ./Core/Src/functions.o
                0x0000000008001bc8                press_type_detection
 .text.motor_assy_logic
                0x0000000008001c64       0xb8 ./Core/Src/functions.o
                0x0000000008001c64                motor_assy_logic
 .text.motor_torque_check
                0x0000000008001d1c      0x168 ./Core/Src/functions.o
                0x0000000008001d1c                motor_torque_check
 .text.main     0x0000000008001e84      0x108 ./Core/Src/main.o
                0x0000000008001e84                main
 .text.SystemClock_Config
                0x0000000008001f8c       0xdc ./Core/Src/main.o
                0x0000000008001f8c                SystemClock_Config
 .text.MX_NVIC_Init
                0x0000000008002068       0x1a ./Core/Src/main.o
 *fill*         0x0000000008002082        0x2 
 .text.MX_ADC_Init
                0x0000000008002084      0x104 ./Core/Src/main.o
 .text.MX_I2C1_Init
                0x0000000008002188       0x80 ./Core/Src/main.o
 .text.MX_TIM2_Init
                0x0000000008002208       0xc4 ./Core/Src/main.o
 .text.MX_TIM3_Init
                0x00000000080022cc      0x12c ./Core/Src/main.o
 .text.MX_TIM14_Init
                0x00000000080023f8       0x9c ./Core/Src/main.o
 .text.MX_TIM16_Init
                0x0000000008002494      0x108 ./Core/Src/main.o
 .text.MX_TIM17_Init
                0x000000000800259c       0x50 ./Core/Src/main.o
 .text.MX_USART2_UART_Init
                0x00000000080025ec       0x60 ./Core/Src/main.o
 .text.MX_DMA_Init
                0x000000000800264c       0x5c ./Core/Src/main.o
 .text.MX_GPIO_Init
                0x00000000080026a8      0x128 ./Core/Src/main.o
 .text.Error_Handler
                0x00000000080027d0        0xa ./Core/Src/main.o
                0x00000000080027d0                Error_Handler
 .text.servo_init
                0x00000000080027da       0x96 ./Core/Src/servo.o
                0x00000000080027da                servo_init
 .text.servo_move
                0x0000000008002870       0xbc ./Core/Src/servo.o
                0x0000000008002870                servo_move
 .text.HAL_MspInit
                0x000000000800292c       0x48 ./Core/Src/stm32f0xx_hal_msp.o
                0x000000000800292c                HAL_MspInit
 .text.HAL_ADC_MspInit
                0x0000000008002974       0xe4 ./Core/Src/stm32f0xx_hal_msp.o
                0x0000000008002974                HAL_ADC_MspInit
 .text.HAL_I2C_MspInit
                0x0000000008002a58       0x9c ./Core/Src/stm32f0xx_hal_msp.o
                0x0000000008002a58                HAL_I2C_MspInit
 .text.HAL_TIM_Encoder_MspInit
                0x0000000008002af4       0x94 ./Core/Src/stm32f0xx_hal_msp.o
                0x0000000008002af4                HAL_TIM_Encoder_MspInit
 .text.HAL_TIM_Base_MspInit
                0x0000000008002b88      0x134 ./Core/Src/stm32f0xx_hal_msp.o
                0x0000000008002b88                HAL_TIM_Base_MspInit
 .text.HAL_TIM_MspPostInit
                0x0000000008002cbc      0x130 ./Core/Src/stm32f0xx_hal_msp.o
                0x0000000008002cbc                HAL_TIM_MspPostInit
 .text.HAL_UART_MspInit
                0x0000000008002dec       0xf0 ./Core/Src/stm32f0xx_hal_msp.o
                0x0000000008002dec                HAL_UART_MspInit
 .text.NMI_Handler
                0x0000000008002edc        0x6 ./Core/Src/stm32f0xx_it.o
                0x0000000008002edc                NMI_Handler
 .text.HardFault_Handler
                0x0000000008002ee2        0x6 ./Core/Src/stm32f0xx_it.o
                0x0000000008002ee2                HardFault_Handler
 .text.SVC_Handler
                0x0000000008002ee8        0xa ./Core/Src/stm32f0xx_it.o
                0x0000000008002ee8                SVC_Handler
 .text.PendSV_Handler
                0x0000000008002ef2        0xa ./Core/Src/stm32f0xx_it.o
                0x0000000008002ef2                PendSV_Handler
 .text.SysTick_Handler
                0x0000000008002efc        0xe ./Core/Src/stm32f0xx_it.o
                0x0000000008002efc                SysTick_Handler
 .text.EXTI4_15_IRQHandler
                0x0000000008002f0a       0x14 ./Core/Src/stm32f0xx_it.o
                0x0000000008002f0a                EXTI4_15_IRQHandler
 *fill*         0x0000000008002f1e        0x2 
 .text.DMA1_Channel1_IRQHandler
                0x0000000008002f20       0x18 ./Core/Src/stm32f0xx_it.o
                0x0000000008002f20                DMA1_Channel1_IRQHandler
 .text.DMA1_Channel2_3_IRQHandler
                0x0000000008002f38       0x18 ./Core/Src/stm32f0xx_it.o
                0x0000000008002f38                DMA1_Channel2_3_IRQHandler
 .text.DMA1_Channel4_5_6_7_IRQHandler
                0x0000000008002f50       0x18 ./Core/Src/stm32f0xx_it.o
                0x0000000008002f50                DMA1_Channel4_5_6_7_IRQHandler
 .text.TIM17_IRQHandler
                0x0000000008002f68       0x18 ./Core/Src/stm32f0xx_it.o
                0x0000000008002f68                TIM17_IRQHandler
 .text.USART2_IRQHandler
                0x0000000008002f80       0x18 ./Core/Src/stm32f0xx_it.o
                0x0000000008002f80                USART2_IRQHandler
 .text._sbrk    0x0000000008002f98       0x6c ./Core/Src/sysmem.o
                0x0000000008002f98                _sbrk
 .text.SystemInit
                0x0000000008003004        0xa ./Core/Src/system_stm32f0xx.o
                0x0000000008003004                SystemInit
 *fill*         0x000000000800300e        0x2 
 .text.IsDataAvailable
                0x0000000008003010       0x30 ./Core/Src/uart.o
                0x0000000008003010                IsDataAvailable
 .text.read_serial_all
                0x0000000008003040       0xc4 ./Core/Src/uart.o
                0x0000000008003040                read_serial_all
 .text.Reset_Handler
                0x0000000008003104       0x50 ./Core/Startup/startup_stm32f072cbtx.o
                0x0000000008003104                Reset_Handler
 .text.Default_Handler
                0x0000000008003154        0x2 ./Core/Startup/startup_stm32f072cbtx.o
                0x0000000008003154                TIM1_CC_IRQHandler
                0x0000000008003154                TSC_IRQHandler
                0x0000000008003154                ADC1_COMP_IRQHandler
                0x0000000008003154                I2C1_IRQHandler
                0x0000000008003154                RCC_CRS_IRQHandler
                0x0000000008003154                SPI1_IRQHandler
                0x0000000008003154                TIM6_DAC_IRQHandler
                0x0000000008003154                USART3_4_IRQHandler
                0x0000000008003154                EXTI2_3_IRQHandler
                0x0000000008003154                I2C2_IRQHandler
                0x0000000008003154                CEC_CAN_IRQHandler
                0x0000000008003154                RTC_IRQHandler
                0x0000000008003154                PVD_VDDIO2_IRQHandler
                0x0000000008003154                TIM16_IRQHandler
                0x0000000008003154                TIM3_IRQHandler
                0x0000000008003154                Default_Handler
                0x0000000008003154                TIM14_IRQHandler
                0x0000000008003154                TIM7_IRQHandler
                0x0000000008003154                TIM15_IRQHandler
                0x0000000008003154                EXTI0_1_IRQHandler
                0x0000000008003154                USB_IRQHandler
                0x0000000008003154                SPI2_IRQHandler
                0x0000000008003154                WWDG_IRQHandler
                0x0000000008003154                TIM2_IRQHandler
                0x0000000008003154                FLASH_IRQHandler
                0x0000000008003154                USART1_IRQHandler
                0x0000000008003154                TIM1_BRK_UP_TRG_COM_IRQHandler
 *fill*         0x0000000008003156        0x2 
 .text.HAL_Init
                0x0000000008003158       0x28 ./Drivers/STM32F0xx_HAL_Driver/Src/stm32f0xx_hal.o
                0x0000000008003158                HAL_Init
 .text.HAL_InitTick
                0x0000000008003180       0x68 ./Drivers/STM32F0xx_HAL_Driver/Src/stm32f0xx_hal.o
                0x0000000008003180                HAL_InitTick
 .text.HAL_IncTick
                0x00000000080031e8       0x24 ./Drivers/STM32F0xx_HAL_Driver/Src/stm32f0xx_hal.o
                0x00000000080031e8                HAL_IncTick
 .text.HAL_GetTick
                0x000000000800320c       0x14 ./Drivers/STM32F0xx_HAL_Driver/Src/stm32f0xx_hal.o
                0x000000000800320c                HAL_GetTick
 .text.HAL_Delay
                0x0000000008003220       0x48 ./Drivers/STM32F0xx_HAL_Driver/Src/stm32f0xx_hal.o
                0x0000000008003220                HAL_Delay
 .text.HAL_ADC_Init
                0x0000000008003268      0x280 ./Drivers/STM32F0xx_HAL_Driver/Src/stm32f0xx_hal_adc.o
                0x0000000008003268                HAL_ADC_Init
 .text.HAL_ADC_ConfigChannel
                0x00000000080034e8      0x21c ./Drivers/STM32F0xx_HAL_Driver/Src/stm32f0xx_hal_adc.o
                0x00000000080034e8                HAL_ADC_ConfigChannel
 .text.__NVIC_EnableIRQ
                0x0000000008003704       0x34 ./Drivers/STM32F0xx_HAL_Driver/Src/stm32f0xx_hal_cortex.o
 .text.__NVIC_SetPriority
                0x0000000008003738       0xdc ./Drivers/STM32F0xx_HAL_Driver/Src/stm32f0xx_hal_cortex.o
 .text.__NVIC_SystemReset
                0x0000000008003814       0x24 ./Drivers/STM32F0xx_HAL_Driver/Src/stm32f0xx_hal_cortex.o
 .text.SysTick_Config
                0x0000000008003838       0x48 ./Drivers/STM32F0xx_HAL_Driver/Src/stm32f0xx_hal_cortex.o
 .text.HAL_NVIC_SetPriority
                0x0000000008003880       0x2a ./Drivers/STM32F0xx_HAL_Driver/Src/stm32f0xx_hal_cortex.o
                0x0000000008003880                HAL_NVIC_SetPriority
 .text.HAL_NVIC_EnableIRQ
                0x00000000080038aa       0x20 ./Drivers/STM32F0xx_HAL_Driver/Src/stm32f0xx_hal_cortex.o
                0x00000000080038aa                HAL_NVIC_EnableIRQ
 .text.HAL_NVIC_SystemReset
                0x00000000080038ca        0x8 ./Drivers/STM32F0xx_HAL_Driver/Src/stm32f0xx_hal_cortex.o
                0x00000000080038ca                HAL_NVIC_SystemReset
 .text.HAL_SYSTICK_Config
                0x00000000080038d2       0x1a ./Drivers/STM32F0xx_HAL_Driver/Src/stm32f0xx_hal_cortex.o
                0x00000000080038d2                HAL_SYSTICK_Config
 .text.HAL_DMA_Init
                0x00000000080038ec       0x90 ./Drivers/STM32F0xx_HAL_Driver/Src/stm32f0xx_hal_dma.o
                0x00000000080038ec                HAL_DMA_Init
 .text.HAL_DMA_Start_IT
                0x000000000800397c       0xcc ./Drivers/STM32F0xx_HAL_Driver/Src/stm32f0xx_hal_dma.o
                0x000000000800397c                HAL_DMA_Start_IT
 .text.HAL_DMA_Abort
                0x0000000008003a48       0x70 ./Drivers/STM32F0xx_HAL_Driver/Src/stm32f0xx_hal_dma.o
                0x0000000008003a48                HAL_DMA_Abort
 .text.HAL_DMA_Abort_IT
                0x0000000008003ab8       0x8a ./Drivers/STM32F0xx_HAL_Driver/Src/stm32f0xx_hal_dma.o
                0x0000000008003ab8                HAL_DMA_Abort_IT
 .text.HAL_DMA_IRQHandler
                0x0000000008003b42      0x144 ./Drivers/STM32F0xx_HAL_Driver/Src/stm32f0xx_hal_dma.o
                0x0000000008003b42                HAL_DMA_IRQHandler
 .text.DMA_SetConfig
                0x0000000008003c86       0x58 ./Drivers/STM32F0xx_HAL_Driver/Src/stm32f0xx_hal_dma.o
 *fill*         0x0000000008003cde        0x2 
 .text.DMA_CalcBaseAndBitshift
                0x0000000008003ce0       0x38 ./Drivers/STM32F0xx_HAL_Driver/Src/stm32f0xx_hal_dma.o
 .text.HAL_GPIO_Init
                0x0000000008003d18      0x2f0 ./Drivers/STM32F0xx_HAL_Driver/Src/stm32f0xx_hal_gpio.o
                0x0000000008003d18                HAL_GPIO_Init
 .text.HAL_GPIO_ReadPin
                0x0000000008004008       0x3a ./Drivers/STM32F0xx_HAL_Driver/Src/stm32f0xx_hal_gpio.o
                0x0000000008004008                HAL_GPIO_ReadPin
 .text.HAL_GPIO_WritePin
                0x0000000008004042       0x3a ./Drivers/STM32F0xx_HAL_Driver/Src/stm32f0xx_hal_gpio.o
                0x0000000008004042                HAL_GPIO_WritePin
 .text.HAL_GPIO_EXTI_IRQHandler
                0x000000000800407c       0x38 ./Drivers/STM32F0xx_HAL_Driver/Src/stm32f0xx_hal_gpio.o
                0x000000000800407c                HAL_GPIO_EXTI_IRQHandler
 .text.HAL_GPIO_EXTI_Callback
                0x00000000080040b4       0x14 ./Drivers/STM32F0xx_HAL_Driver/Src/stm32f0xx_hal_gpio.o
                0x00000000080040b4                HAL_GPIO_EXTI_Callback
 .text.HAL_I2C_Init
                0x00000000080040c8      0x12c ./Drivers/STM32F0xx_HAL_Driver/Src/stm32f0xx_hal_i2c.o
                0x00000000080040c8                HAL_I2C_Init
 .text.HAL_I2CEx_ConfigAnalogFilter
                0x00000000080041f4       0x98 ./Drivers/STM32F0xx_HAL_Driver/Src/stm32f0xx_hal_i2c_ex.o
                0x00000000080041f4                HAL_I2CEx_ConfigAnalogFilter
 .text.HAL_I2CEx_ConfigDigitalFilter
                0x000000000800428c       0x98 ./Drivers/STM32F0xx_HAL_Driver/Src/stm32f0xx_hal_i2c_ex.o
                0x000000000800428c                HAL_I2CEx_ConfigDigitalFilter
 .text.HAL_RCC_OscConfig
                0x0000000008004324      0x70c ./Drivers/STM32F0xx_HAL_Driver/Src/stm32f0xx_hal_rcc.o
                0x0000000008004324                HAL_RCC_OscConfig
 .text.HAL_RCC_ClockConfig
                0x0000000008004a30      0x1b4 ./Drivers/STM32F0xx_HAL_Driver/Src/stm32f0xx_hal_rcc.o
                0x0000000008004a30                HAL_RCC_ClockConfig
 .text.HAL_RCC_GetSysClockFreq
                0x0000000008004be4      0x100 ./Drivers/STM32F0xx_HAL_Driver/Src/stm32f0xx_hal_rcc.o
                0x0000000008004be4                HAL_RCC_GetSysClockFreq
 .text.HAL_RCC_GetHCLKFreq
                0x0000000008004ce4       0x14 ./Drivers/STM32F0xx_HAL_Driver/Src/stm32f0xx_hal_rcc.o
                0x0000000008004ce4                HAL_RCC_GetHCLKFreq
 .text.HAL_RCC_GetPCLK1Freq
                0x0000000008004cf8       0x2c ./Drivers/STM32F0xx_HAL_Driver/Src/stm32f0xx_hal_rcc.o
                0x0000000008004cf8                HAL_RCC_GetPCLK1Freq
 .text.HAL_RCCEx_PeriphCLKConfig
                0x0000000008004d24      0x1fc ./Drivers/STM32F0xx_HAL_Driver/Src/stm32f0xx_hal_rcc_ex.o
                0x0000000008004d24                HAL_RCCEx_PeriphCLKConfig
 .text.HAL_TIM_Base_Init
                0x0000000008004f20       0xa0 ./Drivers/STM32F0xx_HAL_Driver/Src/stm32f0xx_hal_tim.o
                0x0000000008004f20                HAL_TIM_Base_Init
 .text.HAL_TIM_PWM_Init
                0x0000000008004fc0       0xa0 ./Drivers/STM32F0xx_HAL_Driver/Src/stm32f0xx_hal_tim.o
                0x0000000008004fc0                HAL_TIM_PWM_Init
 .text.HAL_TIM_PWM_MspInit
                0x0000000008005060       0x10 ./Drivers/STM32F0xx_HAL_Driver/Src/stm32f0xx_hal_tim.o
                0x0000000008005060                HAL_TIM_PWM_MspInit
 .text.HAL_TIM_PWM_Start
                0x0000000008005070      0x170 ./Drivers/STM32F0xx_HAL_Driver/Src/stm32f0xx_hal_tim.o
                0x0000000008005070                HAL_TIM_PWM_Start
 .text.HAL_TIM_PWM_Start_DMA
                0x00000000080051e0      0x36c ./Drivers/STM32F0xx_HAL_Driver/Src/stm32f0xx_hal_tim.o
                0x00000000080051e0                HAL_TIM_PWM_Start_DMA
 .text.HAL_TIM_Encoder_Init
                0x000000000800554c      0x150 ./Drivers/STM32F0xx_HAL_Driver/Src/stm32f0xx_hal_tim.o
                0x000000000800554c                HAL_TIM_Encoder_Init
 .text.HAL_TIM_IRQHandler
                0x000000000800569c      0x22c ./Drivers/STM32F0xx_HAL_Driver/Src/stm32f0xx_hal_tim.o
                0x000000000800569c                HAL_TIM_IRQHandler
 .text.HAL_TIM_PWM_ConfigChannel
                0x00000000080058c8      0x18c ./Drivers/STM32F0xx_HAL_Driver/Src/stm32f0xx_hal_tim.o
                0x00000000080058c8                HAL_TIM_PWM_ConfigChannel
 .text.HAL_TIM_ConfigClockSource
                0x0000000008005a54      0x1a8 ./Drivers/STM32F0xx_HAL_Driver/Src/stm32f0xx_hal_tim.o
                0x0000000008005a54                HAL_TIM_ConfigClockSource
 .text.HAL_TIM_PeriodElapsedCallback
                0x0000000008005bfc       0x10 ./Drivers/STM32F0xx_HAL_Driver/Src/stm32f0xx_hal_tim.o
                0x0000000008005bfc                HAL_TIM_PeriodElapsedCallback
 .text.HAL_TIM_OC_DelayElapsedCallback
                0x0000000008005c0c       0x10 ./Drivers/STM32F0xx_HAL_Driver/Src/stm32f0xx_hal_tim.o
                0x0000000008005c0c                HAL_TIM_OC_DelayElapsedCallback
 .text.HAL_TIM_IC_CaptureCallback
                0x0000000008005c1c       0x10 ./Drivers/STM32F0xx_HAL_Driver/Src/stm32f0xx_hal_tim.o
                0x0000000008005c1c                HAL_TIM_IC_CaptureCallback
 .text.HAL_TIM_PWM_PulseFinishedCallback
                0x0000000008005c2c       0x10 ./Drivers/STM32F0xx_HAL_Driver/Src/stm32f0xx_hal_tim.o
                0x0000000008005c2c                HAL_TIM_PWM_PulseFinishedCallback
 .text.HAL_TIM_PWM_PulseFinishedHalfCpltCallback
                0x0000000008005c3c       0x10 ./Drivers/STM32F0xx_HAL_Driver/Src/stm32f0xx_hal_tim.o
                0x0000000008005c3c                HAL_TIM_PWM_PulseFinishedHalfCpltCallback
 .text.HAL_TIM_TriggerCallback
                0x0000000008005c4c       0x10 ./Drivers/STM32F0xx_HAL_Driver/Src/stm32f0xx_hal_tim.o
                0x0000000008005c4c                HAL_TIM_TriggerCallback
 .text.HAL_TIM_ErrorCallback
                0x0000000008005c5c       0x10 ./Drivers/STM32F0xx_HAL_Driver/Src/stm32f0xx_hal_tim.o
                0x0000000008005c5c                HAL_TIM_ErrorCallback
 .text.TIM_DMAError
                0x0000000008005c6c       0x94 ./Drivers/STM32F0xx_HAL_Driver/Src/stm32f0xx_hal_tim.o
                0x0000000008005c6c                TIM_DMAError
 .text.TIM_DMADelayPulseCplt
                0x0000000008005d00       0xaa ./Drivers/STM32F0xx_HAL_Driver/Src/stm32f0xx_hal_tim.o
 .text.TIM_DMADelayPulseHalfCplt
                0x0000000008005daa       0x6a ./Drivers/STM32F0xx_HAL_Driver/Src/stm32f0xx_hal_tim.o
                0x0000000008005daa                TIM_DMADelayPulseHalfCplt
 .text.TIM_Base_SetConfig
                0x0000000008005e14      0x100 ./Drivers/STM32F0xx_HAL_Driver/Src/stm32f0xx_hal_tim.o
                0x0000000008005e14                TIM_Base_SetConfig
 .text.TIM_OC1_SetConfig
                0x0000000008005f14      0x110 ./Drivers/STM32F0xx_HAL_Driver/Src/stm32f0xx_hal_tim.o
 .text.TIM_OC2_SetConfig
                0x0000000008006024      0x108 ./Drivers/STM32F0xx_HAL_Driver/Src/stm32f0xx_hal_tim.o
                0x0000000008006024                TIM_OC2_SetConfig
 .text.TIM_OC3_SetConfig
                0x000000000800612c      0x10c ./Drivers/STM32F0xx_HAL_Driver/Src/stm32f0xx_hal_tim.o
 .text.TIM_OC4_SetConfig
                0x0000000008006238       0xd4 ./Drivers/STM32F0xx_HAL_Driver/Src/stm32f0xx_hal_tim.o
 .text.TIM_TI1_ConfigInputStage
                0x000000000800630c       0x5c ./Drivers/STM32F0xx_HAL_Driver/Src/stm32f0xx_hal_tim.o
 .text.TIM_TI2_ConfigInputStage
                0x0000000008006368       0x64 ./Drivers/STM32F0xx_HAL_Driver/Src/stm32f0xx_hal_tim.o
 .text.TIM_ITRx_SetConfig
                0x00000000080063cc       0x32 ./Drivers/STM32F0xx_HAL_Driver/Src/stm32f0xx_hal_tim.o
 *fill*         0x00000000080063fe        0x2 
 .text.TIM_ETR_SetConfig
                0x0000000008006400       0x40 ./Drivers/STM32F0xx_HAL_Driver/Src/stm32f0xx_hal_tim.o
                0x0000000008006400                TIM_ETR_SetConfig
 .text.TIM_CCxChannelCmd
                0x0000000008006440       0x46 ./Drivers/STM32F0xx_HAL_Driver/Src/stm32f0xx_hal_tim.o
                0x0000000008006440                TIM_CCxChannelCmd
 *fill*         0x0000000008006486        0x2 
 .text.HAL_TIMEx_MasterConfigSynchronization
                0x0000000008006488       0xbc ./Drivers/STM32F0xx_HAL_Driver/Src/stm32f0xx_hal_tim_ex.o
                0x0000000008006488                HAL_TIMEx_MasterConfigSynchronization
 .text.HAL_TIMEx_ConfigBreakDeadTime
                0x0000000008006544       0xbc ./Drivers/STM32F0xx_HAL_Driver/Src/stm32f0xx_hal_tim_ex.o
                0x0000000008006544                HAL_TIMEx_ConfigBreakDeadTime
 .text.HAL_TIMEx_CommutCallback
                0x0000000008006600       0x10 ./Drivers/STM32F0xx_HAL_Driver/Src/stm32f0xx_hal_tim_ex.o
                0x0000000008006600                HAL_TIMEx_CommutCallback
 .text.HAL_TIMEx_BreakCallback
                0x0000000008006610       0x10 ./Drivers/STM32F0xx_HAL_Driver/Src/stm32f0xx_hal_tim_ex.o
                0x0000000008006610                HAL_TIMEx_BreakCallback
 .text.HAL_UART_Init
                0x0000000008006620       0xa8 ./Drivers/STM32F0xx_HAL_Driver/Src/stm32f0xx_hal_uart.o
                0x0000000008006620                HAL_UART_Init
 .text.HAL_UART_Transmit
                0x00000000080066c8      0x152 ./Drivers/STM32F0xx_HAL_Driver/Src/stm32f0xx_hal_uart.o
                0x00000000080066c8                HAL_UART_Transmit
 *fill*         0x000000000800681a        0x2 
 .text.HAL_UART_IRQHandler
                0x000000000800681c      0x5b0 ./Drivers/STM32F0xx_HAL_Driver/Src/stm32f0xx_hal_uart.o
                0x000000000800681c                HAL_UART_IRQHandler
 .text.HAL_UART_TxCpltCallback
                0x0000000008006dcc       0x10 ./Drivers/STM32F0xx_HAL_Driver/Src/stm32f0xx_hal_uart.o
                0x0000000008006dcc                HAL_UART_TxCpltCallback
 .text.HAL_UART_ErrorCallback
                0x0000000008006ddc       0x10 ./Drivers/STM32F0xx_HAL_Driver/Src/stm32f0xx_hal_uart.o
                0x0000000008006ddc                HAL_UART_ErrorCallback
 .text.HAL_UARTEx_RxEventCallback
                0x0000000008006dec       0x16 ./Drivers/STM32F0xx_HAL_Driver/Src/stm32f0xx_hal_uart.o
                0x0000000008006dec                HAL_UARTEx_RxEventCallback
 *fill*         0x0000000008006e02        0x2 
 .text.UART_SetConfig
                0x0000000008006e04      0x310 ./Drivers/STM32F0xx_HAL_Driver/Src/stm32f0xx_hal_uart.o
                0x0000000008006e04                UART_SetConfig
 .text.UART_AdvFeatureConfig
                0x0000000008007114      0x168 ./Drivers/STM32F0xx_HAL_Driver/Src/stm32f0xx_hal_uart.o
                0x0000000008007114                UART_AdvFeatureConfig
 .text.UART_CheckIdleState
                0x000000000800727c       0x90 ./Drivers/STM32F0xx_HAL_Driver/Src/stm32f0xx_hal_uart.o
                0x000000000800727c                UART_CheckIdleState
 .text.UART_WaitOnFlagUntilTimeout
                0x000000000800730c      0x188 ./Drivers/STM32F0xx_HAL_Driver/Src/stm32f0xx_hal_uart.o
                0x000000000800730c                UART_WaitOnFlagUntilTimeout
 .text.UART_EndRxTransfer
                0x0000000008007494       0xc4 ./Drivers/STM32F0xx_HAL_Driver/Src/stm32f0xx_hal_uart.o
 .text.UART_DMAAbortOnError
                0x0000000008007558       0x2e ./Drivers/STM32F0xx_HAL_Driver/Src/stm32f0xx_hal_uart.o
 .text.UART_EndTransmit_IT
                0x0000000008007586       0x56 ./Drivers/STM32F0xx_HAL_Driver/Src/stm32f0xx_hal_uart.o
 .text.HAL_UARTEx_WakeupCallback
                0x00000000080075dc       0x10 ./Drivers/STM32F0xx_HAL_Driver/Src/stm32f0xx_hal_uart_ex.o
                0x00000000080075dc                HAL_UARTEx_WakeupCallback
 .text.atoi     0x00000000080075ec        0xc c:/st/stm32cubeide_1.9.0/stm32cubeide/plugins/com.st.stm32cube.ide.mcu.externaltools.gnu-tools-for-stm32.10.3-2021.10.win32_1.0.0.202111181127/tools/bin/../lib/gcc/arm-none-eabi/10.3.1/../../../../arm-none-eabi/lib/thumb/v6-m/nofp\libc_nano.a(lib_a-atoi.o)
                0x00000000080075ec                atoi
 .text.__errno  0x00000000080075f8        0xc c:/st/stm32cubeide_1.9.0/stm32cubeide/plugins/com.st.stm32cube.ide.mcu.externaltools.gnu-tools-for-stm32.10.3-2021.10.win32_1.0.0.202111181127/tools/bin/../lib/gcc/arm-none-eabi/10.3.1/../../../../arm-none-eabi/lib/thumb/v6-m/nofp\libc_nano.a(lib_a-errno.o)
                0x00000000080075f8                __errno
 .text.__libc_init_array
                0x0000000008007604       0x48 c:/st/stm32cubeide_1.9.0/stm32cubeide/plugins/com.st.stm32cube.ide.mcu.externaltools.gnu-tools-for-stm32.10.3-2021.10.win32_1.0.0.202111181127/tools/bin/../lib/gcc/arm-none-eabi/10.3.1/../../../../arm-none-eabi/lib/thumb/v6-m/nofp\libc_nano.a(lib_a-init.o)
                0x0000000008007604                __libc_init_array
 .text.memcpy   0x000000000800764c       0x12 c:/st/stm32cubeide_1.9.0/stm32cubeide/plugins/com.st.stm32cube.ide.mcu.externaltools.gnu-tools-for-stm32.10.3-2021.10.win32_1.0.0.202111181127/tools/bin/../lib/gcc/arm-none-eabi/10.3.1/../../../../arm-none-eabi/lib/thumb/v6-m/nofp\libc_nano.a(lib_a-memcpy-stub.o)
                0x000000000800764c                memcpy
 .text.memset   0x000000000800765e       0x10 c:/st/stm32cubeide_1.9.0/stm32cubeide/plugins/com.st.stm32cube.ide.mcu.externaltools.gnu-tools-for-stm32.10.3-2021.10.win32_1.0.0.202111181127/tools/bin/../lib/gcc/arm-none-eabi/10.3.1/../../../../arm-none-eabi/lib/thumb/v6-m/nofp\libc_nano.a(lib_a-memset.o)
                0x000000000800765e                memset
 *fill*         0x000000000800766e        0x2 
 .text.snprintf
                0x0000000008007670       0x68 c:/st/stm32cubeide_1.9.0/stm32cubeide/plugins/com.st.stm32cube.ide.mcu.externaltools.gnu-tools-for-stm32.10.3-2021.10.win32_1.0.0.202111181127/tools/bin/../lib/gcc/arm-none-eabi/10.3.1/../../../../arm-none-eabi/lib/thumb/v6-m/nofp\libc_nano.a(lib_a-snprintf.o)
                0x0000000008007670                sniprintf
                0x0000000008007670                snprintf
 .text.strchr   0x00000000080076d8       0x1c c:/st/stm32cubeide_1.9.0/stm32cubeide/plugins/com.st.stm32cube.ide.mcu.externaltools.gnu-tools-for-stm32.10.3-2021.10.win32_1.0.0.202111181127/tools/bin/../lib/gcc/arm-none-eabi/10.3.1/../../../../arm-none-eabi/lib/thumb/v6-m/nofp\libc_nano.a(lib_a-strchr.o)
                0x00000000080076d8                strchr
 .text._strtol_l.constprop.0
                0x00000000080076f4      0x11c c:/st/stm32cubeide_1.9.0/stm32cubeide/plugins/com.st.stm32cube.ide.mcu.externaltools.gnu-tools-for-stm32.10.3-2021.10.win32_1.0.0.202111181127/tools/bin/../lib/gcc/arm-none-eabi/10.3.1/../../../../arm-none-eabi/lib/thumb/v6-m/nofp\libc_nano.a(lib_a-strtol.o)
 .text.strtol   0x0000000008007810       0x18 c:/st/stm32cubeide_1.9.0/stm32cubeide/plugins/com.st.stm32cube.ide.mcu.externaltools.gnu-tools-for-stm32.10.3-2021.10.win32_1.0.0.202111181127/tools/bin/../lib/gcc/arm-none-eabi/10.3.1/../../../../arm-none-eabi/lib/thumb/v6-m/nofp\libc_nano.a(lib_a-strtol.o)
                0x0000000008007810                strtol
 .text.__ssputs_r
                0x0000000008007828       0xc4 c:/st/stm32cubeide_1.9.0/stm32cubeide/plugins/com.st.stm32cube.ide.mcu.externaltools.gnu-tools-for-stm32.10.3-2021.10.win32_1.0.0.202111181127/tools/bin/../lib/gcc/arm-none-eabi/10.3.1/../../../../arm-none-eabi/lib/thumb/v6-m/nofp\libc_nano.a(lib_a-nano-svfprintf.o)
                0x0000000008007828                __ssputs_r
 .text._svfprintf_r
                0x00000000080078ec      0x200 c:/st/stm32cubeide_1.9.0/stm32cubeide/plugins/com.st.stm32cube.ide.mcu.externaltools.gnu-tools-for-stm32.10.3-2021.10.win32_1.0.0.202111181127/tools/bin/../lib/gcc/arm-none-eabi/10.3.1/../../../../arm-none-eabi/lib/thumb/v6-m/nofp\libc_nano.a(lib_a-nano-svfprintf.o)
                0x00000000080078ec                _svfiprintf_r
                0x00000000080078ec                _svfprintf_r
 .text._printf_common
                0x0000000008007aec       0xde c:/st/stm32cubeide_1.9.0/stm32cubeide/plugins/com.st.stm32cube.ide.mcu.externaltools.gnu-tools-for-stm32.10.3-2021.10.win32_1.0.0.202111181127/tools/bin/../lib/gcc/arm-none-eabi/10.3.1/../../../../arm-none-eabi/lib/thumb/v6-m/nofp\libc_nano.a(lib_a-nano-vfprintf_i.o)
                0x0000000008007aec                _printf_common
 *fill*         0x0000000008007bca        0x2 
 .text._printf_i
                0x0000000008007bcc      0x224 c:/st/stm32cubeide_1.9.0/stm32cubeide/plugins/com.st.stm32cube.ide.mcu.externaltools.gnu-tools-for-stm32.10.3-2021.10.win32_1.0.0.202111181127/tools/bin/../lib/gcc/arm-none-eabi/10.3.1/../../../../arm-none-eabi/lib/thumb/v6-m/nofp\libc_nano.a(lib_a-nano-vfprintf_i.o)
                0x0000000008007bcc                _printf_i
 .text.memchr   0x0000000008007df0       0x16 c:/st/stm32cubeide_1.9.0/stm32cubeide/plugins/com.st.stm32cube.ide.mcu.externaltools.gnu-tools-for-stm32.10.3-2021.10.win32_1.0.0.202111181127/tools/bin/../lib/gcc/arm-none-eabi/10.3.1/../../../../arm-none-eabi/lib/thumb/v6-m/nofp\libc_nano.a(lib_a-memchr-stub.o)
                0x0000000008007df0                memchr
 .text.memmove  0x0000000008007e06       0x26 c:/st/stm32cubeide_1.9.0/stm32cubeide/plugins/com.st.stm32cube.ide.mcu.externaltools.gnu-tools-for-stm32.10.3-2021.10.win32_1.0.0.202111181127/tools/bin/../lib/gcc/arm-none-eabi/10.3.1/../../../../arm-none-eabi/lib/thumb/v6-m/nofp\libc_nano.a(lib_a-memmove.o)
                0x0000000008007e06                memmove
 .text._free_r  0x0000000008007e2c       0x94 c:/st/stm32cubeide_1.9.0/stm32cubeide/plugins/com.st.stm32cube.ide.mcu.externaltools.gnu-tools-for-stm32.10.3-2021.10.win32_1.0.0.202111181127/tools/bin/../lib/gcc/arm-none-eabi/10.3.1/../../../../arm-none-eabi/lib/thumb/v6-m/nofp\libc_nano.a(lib_a-nano-freer.o)
                0x0000000008007e2c                _free_r
 .text.sbrk_aligned
                0x0000000008007ec0       0x44 c:/st/stm32cubeide_1.9.0/stm32cubeide/plugins/com.st.stm32cube.ide.mcu.externaltools.gnu-tools-for-stm32.10.3-2021.10.win32_1.0.0.202111181127/tools/bin/../lib/gcc/arm-none-eabi/10.3.1/../../../../arm-none-eabi/lib/thumb/v6-m/nofp\libc_nano.a(lib_a-nano-mallocr.o)
 .text._malloc_r
                0x0000000008007f04       0xec c:/st/stm32cubeide_1.9.0/stm32cubeide/plugins/com.st.stm32cube.ide.mcu.externaltools.gnu-tools-for-stm32.10.3-2021.10.win32_1.0.0.202111181127/tools/bin/../lib/gcc/arm-none-eabi/10.3.1/../../../../arm-none-eabi/lib/thumb/v6-m/nofp\libc_nano.a(lib_a-nano-mallocr.o)
                0x0000000008007f04                _malloc_r
 .text._realloc_r
                0x0000000008007ff0       0x5e c:/st/stm32cubeide_1.9.0/stm32cubeide/plugins/com.st.stm32cube.ide.mcu.externaltools.gnu-tools-for-stm32.10.3-2021.10.win32_1.0.0.202111181127/tools/bin/../lib/gcc/arm-none-eabi/10.3.1/../../../../arm-none-eabi/lib/thumb/v6-m/nofp\libc_nano.a(lib_a-nano-reallocr.o)
                0x0000000008007ff0                _realloc_r
 *fill*         0x000000000800804e        0x2 
 .text._sbrk_r  0x0000000008008050       0x24 c:/st/stm32cubeide_1.9.0/stm32cubeide/plugins/com.st.stm32cube.ide.mcu.externaltools.gnu-tools-for-stm32.10.3-2021.10.win32_1.0.0.202111181127/tools/bin/../lib/gcc/arm-none-eabi/10.3.1/../../../../arm-none-eabi/lib/thumb/v6-m/nofp\libc_nano.a(lib_a-sbrkr.o)
                0x0000000008008050                _sbrk_r
 .text.__malloc_lock
                0x0000000008008074       0x10 c:/st/stm32cubeide_1.9.0/stm32cubeide/plugins/com.st.stm32cube.ide.mcu.externaltools.gnu-tools-for-stm32.10.3-2021.10.win32_1.0.0.202111181127/tools/bin/../lib/gcc/arm-none-eabi/10.3.1/../../../../arm-none-eabi/lib/thumb/v6-m/nofp\libc_nano.a(lib_a-mlock.o)
                0x0000000008008074                __malloc_lock
 .text.__malloc_unlock
                0x0000000008008084       0x10 c:/st/stm32cubeide_1.9.0/stm32cubeide/plugins/com.st.stm32cube.ide.mcu.externaltools.gnu-tools-for-stm32.10.3-2021.10.win32_1.0.0.202111181127/tools/bin/../lib/gcc/arm-none-eabi/10.3.1/../../../../arm-none-eabi/lib/thumb/v6-m/nofp\libc_nano.a(lib_a-mlock.o)
                0x0000000008008084                __malloc_unlock
 .text._malloc_usable_size_r
                0x0000000008008094       0x10 c:/st/stm32cubeide_1.9.0/stm32cubeide/plugins/com.st.stm32cube.ide.mcu.externaltools.gnu-tools-for-stm32.10.3-2021.10.win32_1.0.0.202111181127/tools/bin/../lib/gcc/arm-none-eabi/10.3.1/../../../../arm-none-eabi/lib/thumb/v6-m/nofp\libc_nano.a(lib_a-nano-msizer.o)
                0x0000000008008094                _malloc_usable_size_r
 .text.__retarget_lock_acquire_recursive
                0x00000000080080a4        0x2 c:/st/stm32cubeide_1.9.0/stm32cubeide/plugins/com.st.stm32cube.ide.mcu.externaltools.gnu-tools-for-stm32.10.3-2021.10.win32_1.0.0.202111181127/tools/bin/../lib/gcc/arm-none-eabi/10.3.1/../../../../arm-none-eabi/lib/thumb/v6-m/nofp\libc_nano.a(lib_a-lock.o)
                0x00000000080080a4                __retarget_lock_acquire_recursive
 .text.__retarget_lock_release_recursive
                0x00000000080080a6        0x2 c:/st/stm32cubeide_1.9.0/stm32cubeide/plugins/com.st.stm32cube.ide.mcu.externaltools.gnu-tools-for-stm32.10.3-2021.10.win32_1.0.0.202111181127/tools/bin/../lib/gcc/arm-none-eabi/10.3.1/../../../../arm-none-eabi/lib/thumb/v6-m/nofp\libc_nano.a(lib_a-lock.o)
                0x00000000080080a6                __retarget_lock_release_recursive
 *(.glue_7)
 .glue_7        0x00000000080080a8        0x0 linker stubs
 *(.glue_7t)
 .glue_7t       0x00000000080080a8        0x0 linker stubs
 *(.eh_frame)
 .eh_frame      0x00000000080080a8        0x0 c:/st/stm32cubeide_1.9.0/stm32cubeide/plugins/com.st.stm32cube.ide.mcu.externaltools.gnu-tools-for-stm32.10.3-2021.10.win32_1.0.0.202111181127/tools/bin/../lib/gcc/arm-none-eabi/10.3.1/thumb/v6-m/nofp/crtbegin.o
 *(.init)
 .init          0x00000000080080a8        0x4 c:/st/stm32cubeide_1.9.0/stm32cubeide/plugins/com.st.stm32cube.ide.mcu.externaltools.gnu-tools-for-stm32.10.3-2021.10.win32_1.0.0.202111181127/tools/bin/../lib/gcc/arm-none-eabi/10.3.1/thumb/v6-m/nofp/crti.o
                0x00000000080080a8                _init
 .init          0x00000000080080ac        0x8 c:/st/stm32cubeide_1.9.0/stm32cubeide/plugins/com.st.stm32cube.ide.mcu.externaltools.gnu-tools-for-stm32.10.3-2021.10.win32_1.0.0.202111181127/tools/bin/../lib/gcc/arm-none-eabi/10.3.1/thumb/v6-m/nofp/crtn.o
 *(.fini)
 .fini          0x00000000080080b4        0x4 c:/st/stm32cubeide_1.9.0/stm32cubeide/plugins/com.st.stm32cube.ide.mcu.externaltools.gnu-tools-for-stm32.10.3-2021.10.win32_1.0.0.202111181127/tools/bin/../lib/gcc/arm-none-eabi/10.3.1/thumb/v6-m/nofp/crti.o
                0x00000000080080b4                _fini
 .fini          0x00000000080080b8        0x8 c:/st/stm32cubeide_1.9.0/stm32cubeide/plugins/com.st.stm32cube.ide.mcu.externaltools.gnu-tools-for-stm32.10.3-2021.10.win32_1.0.0.202111181127/tools/bin/../lib/gcc/arm-none-eabi/10.3.1/thumb/v6-m/nofp/crtn.o
                0x00000000080080c0                . = ALIGN (0x4)
                0x00000000080080c0                _etext = .

.vfp11_veneer   0x00000000080080c0        0x0
 .vfp11_veneer  0x00000000080080c0        0x0 linker stubs

.v4_bx          0x00000000080080c0        0x0
 .v4_bx         0x00000000080080c0        0x0 linker stubs

.iplt           0x00000000080080c0        0x0
 .iplt          0x00000000080080c0        0x0 c:/st/stm32cubeide_1.9.0/stm32cubeide/plugins/com.st.stm32cube.ide.mcu.externaltools.gnu-tools-for-stm32.10.3-2021.10.win32_1.0.0.202111181127/tools/bin/../lib/gcc/arm-none-eabi/10.3.1/thumb/v6-m/nofp/crtbegin.o

.rodata         0x00000000080080c0      0x22c
                0x00000000080080c0                . = ALIGN (0x4)
 *(.rodata)
 .rodata        0x00000000080080c0       0x3f ./Core/Src/decode_packet.o
 *fill*         0x00000000080080ff        0x1 
 .rodata        0x0000000008008100       0x20 ./Drivers/STM32F0xx_HAL_Driver/Src/stm32f0xx_hal_rcc.o
 .rodata        0x0000000008008120       0x40 c:/st/stm32cubeide_1.9.0/stm32cubeide/plugins/com.st.stm32cube.ide.mcu.externaltools.gnu-tools-for-stm32.10.3-2021.10.win32_1.0.0.202111181127/tools/bin/../lib/gcc/arm-none-eabi/10.3.1/thumb/v6-m/nofp\libgcc.a(divdf3.o)
 .rodata        0x0000000008008160       0x40 c:/st/stm32cubeide_1.9.0/stm32cubeide/plugins/com.st.stm32cube.ide.mcu.externaltools.gnu-tools-for-stm32.10.3-2021.10.win32_1.0.0.202111181127/tools/bin/../lib/gcc/arm-none-eabi/10.3.1/thumb/v6-m/nofp\libgcc.a(muldf3.o)
 *(.rodata*)
 .rodata.AHBPrescTable
                0x00000000080081a0       0x10 ./Core/Src/system_stm32f0xx.o
                0x00000000080081a0                AHBPrescTable
 .rodata.APBPrescTable
                0x00000000080081b0        0x8 ./Core/Src/system_stm32f0xx.o
                0x00000000080081b0                APBPrescTable
 .rodata._ctype_
                0x00000000080081b8      0x101 c:/st/stm32cubeide_1.9.0/stm32cubeide/plugins/com.st.stm32cube.ide.mcu.externaltools.gnu-tools-for-stm32.10.3-2021.10.win32_1.0.0.202111181127/tools/bin/../lib/gcc/arm-none-eabi/10.3.1/../../../../arm-none-eabi/lib/thumb/v6-m/nofp\libc_nano.a(lib_a-ctype_.o)
                0x00000000080081b8                _ctype_
 .rodata._svfprintf_r.str1.1
                0x00000000080082b9       0x11 c:/st/stm32cubeide_1.9.0/stm32cubeide/plugins/com.st.stm32cube.ide.mcu.externaltools.gnu-tools-for-stm32.10.3-2021.10.win32_1.0.0.202111181127/tools/bin/../lib/gcc/arm-none-eabi/10.3.1/../../../../arm-none-eabi/lib/thumb/v6-m/nofp\libc_nano.a(lib_a-nano-svfprintf.o)
 .rodata._printf_i.str1.1
                0x00000000080082ca       0x22 c:/st/stm32cubeide_1.9.0/stm32cubeide/plugins/com.st.stm32cube.ide.mcu.externaltools.gnu-tools-for-stm32.10.3-2021.10.win32_1.0.0.202111181127/tools/bin/../lib/gcc/arm-none-eabi/10.3.1/../../../../arm-none-eabi/lib/thumb/v6-m/nofp\libc_nano.a(lib_a-nano-vfprintf_i.o)
                0x00000000080082ec                . = ALIGN (0x4)

.rel.dyn        0x00000000080082ec        0x0
 .rel.iplt      0x00000000080082ec        0x0 c:/st/stm32cubeide_1.9.0/stm32cubeide/plugins/com.st.stm32cube.ide.mcu.externaltools.gnu-tools-for-stm32.10.3-2021.10.win32_1.0.0.202111181127/tools/bin/../lib/gcc/arm-none-eabi/10.3.1/thumb/v6-m/nofp/crtbegin.o

.ARM.extab      0x00000000080082ec        0x0
                0x00000000080082ec                . = ALIGN (0x4)
 *(.ARM.extab* .gnu.linkonce.armextab.*)
                0x00000000080082ec                . = ALIGN (0x4)

.ARM            0x00000000080082ec        0x0
                0x00000000080082ec                . = ALIGN (0x4)
                0x00000000080082ec                __exidx_start = .
 *(.ARM.exidx*)
                0x00000000080082ec                __exidx_end = .
                0x00000000080082ec                . = ALIGN (0x4)

.preinit_array  0x00000000080082ec        0x0
                0x00000000080082ec                . = ALIGN (0x4)
                0x00000000080082ec                PROVIDE (__preinit_array_start = .)
 *(.preinit_array*)
                0x00000000080082ec                PROVIDE (__preinit_array_end = .)
                0x00000000080082ec                . = ALIGN (0x4)

.init_array     0x00000000080082ec        0x4
                0x00000000080082ec                . = ALIGN (0x4)
                0x00000000080082ec                PROVIDE (__init_array_start = .)
 *(SORT_BY_NAME(.init_array.*))
 *(.init_array*)
 .init_array    0x00000000080082ec        0x4 c:/st/stm32cubeide_1.9.0/stm32cubeide/plugins/com.st.stm32cube.ide.mcu.externaltools.gnu-tools-for-stm32.10.3-2021.10.win32_1.0.0.202111181127/tools/bin/../lib/gcc/arm-none-eabi/10.3.1/thumb/v6-m/nofp/crtbegin.o
                0x00000000080082f0                PROVIDE (__init_array_end = .)
                0x00000000080082f0                . = ALIGN (0x4)

.fini_array     0x00000000080082f0        0x4
                0x00000000080082f0                . = ALIGN (0x4)
                [!provide]                        PROVIDE (__fini_array_start = .)
 *(SORT_BY_NAME(.fini_array.*))
 *(.fini_array*)
 .fini_array    0x00000000080082f0        0x4 c:/st/stm32cubeide_1.9.0/stm32cubeide/plugins/com.st.stm32cube.ide.mcu.externaltools.gnu-tools-for-stm32.10.3-2021.10.win32_1.0.0.202111181127/tools/bin/../lib/gcc/arm-none-eabi/10.3.1/thumb/v6-m/nofp/crtbegin.o
                [!provide]                        PROVIDE (__fini_array_end = .)
                0x00000000080082f4                . = ALIGN (0x4)
                0x00000000080082f4                _sidata = LOADADDR (.data)

.data           0x0000000020000000       0x74 load address 0x00000000080082f4
                0x0000000020000000                . = ALIGN (0x4)
                0x0000000020000000                _sdata = .
 *(.data)
 *(.data*)
 .data.dma_ready
                0x0000000020000000        0x1 ./Core/Src/addressable_led.o
                0x0000000020000000                dma_ready
 *fill*         0x0000000020000001        0x3 
 .data.SystemCoreClock
                0x0000000020000004        0x4 ./Core/Src/system_stm32f0xx.o
                0x0000000020000004                SystemCoreClock
 .data.uwTickPrio
                0x0000000020000008        0x4 ./Drivers/STM32F0xx_HAL_Driver/Src/stm32f0xx_hal.o
                0x0000000020000008                uwTickPrio
 .data.uwTickFreq
                0x000000002000000c        0x1 ./Drivers/STM32F0xx_HAL_Driver/Src/stm32f0xx_hal.o
                0x000000002000000c                uwTickFreq
 *fill*         0x000000002000000d        0x3 
 .data._impure_ptr
                0x0000000020000010        0x4 c:/st/stm32cubeide_1.9.0/stm32cubeide/plugins/com.st.stm32cube.ide.mcu.externaltools.gnu-tools-for-stm32.10.3-2021.10.win32_1.0.0.202111181127/tools/bin/../lib/gcc/arm-none-eabi/10.3.1/../../../../arm-none-eabi/lib/thumb/v6-m/nofp\libc_nano.a(lib_a-impure.o)
                0x0000000020000010                _impure_ptr
 .data.impure_data
                0x0000000020000014       0x60 c:/st/stm32cubeide_1.9.0/stm32cubeide/plugins/com.st.stm32cube.ide.mcu.externaltools.gnu-tools-for-stm32.10.3-2021.10.win32_1.0.0.202111181127/tools/bin/../lib/gcc/arm-none-eabi/10.3.1/../../../../arm-none-eabi/lib/thumb/v6-m/nofp\libc_nano.a(lib_a-impure.o)
 *(.RamFunc)
 *(.RamFunc*)
                0x0000000020000074                . = ALIGN (0x4)
                0x0000000020000074                _edata = .

.igot.plt       0x0000000020000074        0x0 load address 0x0000000008008368
 .igot.plt      0x0000000020000074        0x0 c:/st/stm32cubeide_1.9.0/stm32cubeide/plugins/com.st.stm32cube.ide.mcu.externaltools.gnu-tools-for-stm32.10.3-2021.10.win32_1.0.0.202111181127/tools/bin/../lib/gcc/arm-none-eabi/10.3.1/thumb/v6-m/nofp/crtbegin.o
                0x0000000020000074                . = ALIGN (0x4)

.bss            0x0000000020000074      0xab8 load address 0x0000000008008368
                0x0000000020000074                _sbss = .
                0x0000000020000074                __bss_start__ = _sbss
 *(.bss)
 .bss           0x0000000020000074       0x1c c:/st/stm32cubeide_1.9.0/stm32cubeide/plugins/com.st.stm32cube.ide.mcu.externaltools.gnu-tools-for-stm32.10.3-2021.10.win32_1.0.0.202111181127/tools/bin/../lib/gcc/arm-none-eabi/10.3.1/thumb/v6-m/nofp/crtbegin.o
 *(.bss*)
 .bss.BUF_DMA   0x0000000020000090      0x2d0 ./Core/Src/addressable_led.o
                0x0000000020000090                BUF_DMA
 .bss.microswitch_pin
                0x0000000020000360        0x4 ./Core/Src/functions.o
                0x0000000020000360                microswitch_pin
 .bss.right_button_pin
                0x0000000020000364        0x4 ./Core/Src/functions.o
                0x0000000020000364                right_button_pin
 .bss.left_button_pin
                0x0000000020000368        0x4 ./Core/Src/functions.o
                0x0000000020000368                left_button_pin
 .bss.right_button_flag
                0x000000002000036c        0x4 ./Core/Src/functions.o
                0x000000002000036c                right_button_flag
 .bss.left_button_flag
                0x0000000020000370        0x4 ./Core/Src/functions.o
                0x0000000020000370                left_button_flag
 .bss.hadc      0x0000000020000374       0x40 ./Core/Src/main.o
                0x0000000020000374                hadc
 .bss.hdma_adc  0x00000000200003b4       0x44 ./Core/Src/main.o
                0x00000000200003b4                hdma_adc
 .bss.hi2c1     0x00000000200003f8       0x4c ./Core/Src/main.o
                0x00000000200003f8                hi2c1
 .bss.htim2     0x0000000020000444       0x48 ./Core/Src/main.o
                0x0000000020000444                htim2
 .bss.htim3     0x000000002000048c       0x48 ./Core/Src/main.o
                0x000000002000048c                htim3
 .bss.htim14    0x00000000200004d4       0x48 ./Core/Src/main.o
                0x00000000200004d4                htim14
 .bss.htim16    0x000000002000051c       0x48 ./Core/Src/main.o
                0x000000002000051c                htim16
 .bss.htim17    0x0000000020000564       0x48 ./Core/Src/main.o
                0x0000000020000564                htim17
 .bss.hdma_tim16_ch1_up
                0x00000000200005ac       0x44 ./Core/Src/main.o
                0x00000000200005ac                hdma_tim16_ch1_up
 .bss.huart2    0x00000000200005f0       0x84 ./Core/Src/main.o
                0x00000000200005f0                huart2
 .bss.hdma_usart2_rx
                0x0000000020000674       0x44 ./Core/Src/main.o
                0x0000000020000674                hdma_usart2_rx
 .bss.servo_motor_1
                0x00000000200006b8       0x14 ./Core/Src/main.o
                0x00000000200006b8                servo_motor_1
 .bss.servo_offset
                0x00000000200006cc        0x1 ./Core/Src/main.o
                0x00000000200006cc                servo_offset
 *fill*         0x00000000200006cd        0x3 
 .bss.servo_ang
                0x00000000200006d0        0x4 ./Core/Src/main.o
                0x00000000200006d0                servo_ang
 .bss.led_indicator
                0x00000000200006d4       0x38 ./Core/Src/main.o
                0x00000000200006d4                led_indicator
 .bss.__sbrk_heap_end
                0x000000002000070c        0x4 ./Core/Src/sysmem.o
 .bss.circular_rx_buffer
                0x0000000020000710      0x3ff ./Core/Src/uart.o
                0x0000000020000710                circular_rx_buffer
 *fill*         0x0000000020000b0f        0x1 
 .bss.head      0x0000000020000b10        0x4 ./Core/Src/uart.o
                0x0000000020000b10                head
 .bss.tail      0x0000000020000b14        0x4 ./Core/Src/uart.o
                0x0000000020000b14                tail
 .bss.uwTick    0x0000000020000b18        0x4 ./Drivers/STM32F0xx_HAL_Driver/Src/stm32f0xx_hal.o
                0x0000000020000b18                uwTick
 .bss.__malloc_free_list
                0x0000000020000b1c        0x4 c:/st/stm32cubeide_1.9.0/stm32cubeide/plugins/com.st.stm32cube.ide.mcu.externaltools.gnu-tools-for-stm32.10.3-2021.10.win32_1.0.0.202111181127/tools/bin/../lib/gcc/arm-none-eabi/10.3.1/../../../../arm-none-eabi/lib/thumb/v6-m/nofp\libc_nano.a(lib_a-nano-mallocr.o)
                0x0000000020000b1c                __malloc_free_list
 .bss.__malloc_sbrk_start
                0x0000000020000b20        0x4 c:/st/stm32cubeide_1.9.0/stm32cubeide/plugins/com.st.stm32cube.ide.mcu.externaltools.gnu-tools-for-stm32.10.3-2021.10.win32_1.0.0.202111181127/tools/bin/../lib/gcc/arm-none-eabi/10.3.1/../../../../arm-none-eabi/lib/thumb/v6-m/nofp\libc_nano.a(lib_a-nano-mallocr.o)
                0x0000000020000b20                __malloc_sbrk_start
 .bss.errno     0x0000000020000b24        0x4 c:/st/stm32cubeide_1.9.0/stm32cubeide/plugins/com.st.stm32cube.ide.mcu.externaltools.gnu-tools-for-stm32.10.3-2021.10.win32_1.0.0.202111181127/tools/bin/../lib/gcc/arm-none-eabi/10.3.1/../../../../arm-none-eabi/lib/thumb/v6-m/nofp\libc_nano.a(lib_a-reent.o)
                0x0000000020000b24                errno
 .bss.__lock___malloc_recursive_mutex
                0x0000000020000b28        0x1 c:/st/stm32cubeide_1.9.0/stm32cubeide/plugins/com.st.stm32cube.ide.mcu.externaltools.gnu-tools-for-stm32.10.3-2021.10.win32_1.0.0.202111181127/tools/bin/../lib/gcc/arm-none-eabi/10.3.1/../../../../arm-none-eabi/lib/thumb/v6-m/nofp\libc_nano.a(lib_a-lock.o)
                0x0000000020000b28                __lock___malloc_recursive_mutex
 *(COMMON)
                0x0000000020000b2c                . = ALIGN (0x4)
 *fill*         0x0000000020000b29        0x3 
                0x0000000020000b2c                _ebss = .
                0x0000000020000b2c                __bss_end__ = _ebss

._user_heap_stack
                0x0000000020000b2c      0x604 load address 0x0000000008008368
                0x0000000020000b30                . = ALIGN (0x8)
 *fill*         0x0000000020000b2c        0x4 
                [!provide]                        PROVIDE (end = .)
                0x0000000020000b30                PROVIDE (_end = .)
                0x0000000020000d30                . = (. + _Min_Heap_Size)
 *fill*         0x0000000020000b30      0x200 
                0x0000000020001130                . = (. + _Min_Stack_Size)
 *fill*         0x0000000020000d30      0x400 
                0x0000000020001130                . = ALIGN (0x8)

/DISCARD/
 libc.a(*)
 libm.a(*)
 libgcc.a(*)

.ARM.attributes
                0x0000000000000000       0x28
 *(.ARM.attributes)
 .ARM.attributes
                0x0000000000000000       0x1e c:/st/stm32cubeide_1.9.0/stm32cubeide/plugins/com.st.stm32cube.ide.mcu.externaltools.gnu-tools-for-stm32.10.3-2021.10.win32_1.0.0.202111181127/tools/bin/../lib/gcc/arm-none-eabi/10.3.1/thumb/v6-m/nofp/crti.o
 .ARM.attributes
                0x000000000000001e       0x2c c:/st/stm32cubeide_1.9.0/stm32cubeide/plugins/com.st.stm32cube.ide.mcu.externaltools.gnu-tools-for-stm32.10.3-2021.10.win32_1.0.0.202111181127/tools/bin/../lib/gcc/arm-none-eabi/10.3.1/thumb/v6-m/nofp/crtbegin.o
 .ARM.attributes
                0x000000000000004a       0x2c ./Core/Src/addressable_led.o
 .ARM.attributes
                0x0000000000000076       0x2c ./Core/Src/decode_packet.o
 .ARM.attributes
                0x00000000000000a2       0x2c ./Core/Src/functions.o
 .ARM.attributes
                0x00000000000000ce       0x2c ./Core/Src/main.o
 .ARM.attributes
                0x00000000000000fa       0x2c ./Core/Src/servo.o
 .ARM.attributes
                0x0000000000000126       0x2c ./Core/Src/stm32f0xx_hal_msp.o
 .ARM.attributes
                0x0000000000000152       0x2c ./Core/Src/stm32f0xx_it.o
 .ARM.attributes
                0x000000000000017e       0x2c ./Core/Src/sysmem.o
 .ARM.attributes
                0x00000000000001aa       0x2c ./Core/Src/system_stm32f0xx.o
 .ARM.attributes
                0x00000000000001d6       0x2c ./Core/Src/uart.o
 .ARM.attributes
                0x0000000000000202       0x21 ./Core/Startup/startup_stm32f072cbtx.o
 .ARM.attributes
                0x0000000000000223       0x2c ./Drivers/STM32F0xx_HAL_Driver/Src/stm32f0xx_hal.o
 .ARM.attributes
                0x000000000000024f       0x2c ./Drivers/STM32F0xx_HAL_Driver/Src/stm32f0xx_hal_adc.o
 .ARM.attributes
                0x000000000000027b       0x2c ./Drivers/STM32F0xx_HAL_Driver/Src/stm32f0xx_hal_cortex.o
 .ARM.attributes
                0x00000000000002a7       0x2c ./Drivers/STM32F0xx_HAL_Driver/Src/stm32f0xx_hal_dma.o
 .ARM.attributes
                0x00000000000002d3       0x2c ./Drivers/STM32F0xx_HAL_Driver/Src/stm32f0xx_hal_gpio.o
 .ARM.attributes
                0x00000000000002ff       0x2c ./Drivers/STM32F0xx_HAL_Driver/Src/stm32f0xx_hal_i2c.o
 .ARM.attributes
                0x000000000000032b       0x2c ./Drivers/STM32F0xx_HAL_Driver/Src/stm32f0xx_hal_i2c_ex.o
 .ARM.attributes
                0x0000000000000357       0x2c ./Drivers/STM32F0xx_HAL_Driver/Src/stm32f0xx_hal_rcc.o
 .ARM.attributes
                0x0000000000000383       0x2c ./Drivers/STM32F0xx_HAL_Driver/Src/stm32f0xx_hal_rcc_ex.o
 .ARM.attributes
                0x00000000000003af       0x2c ./Drivers/STM32F0xx_HAL_Driver/Src/stm32f0xx_hal_tim.o
 .ARM.attributes
                0x00000000000003db       0x2c ./Drivers/STM32F0xx_HAL_Driver/Src/stm32f0xx_hal_tim_ex.o
 .ARM.attributes
                0x0000000000000407       0x2c ./Drivers/STM32F0xx_HAL_Driver/Src/stm32f0xx_hal_uart.o
 .ARM.attributes
                0x0000000000000433       0x2c ./Drivers/STM32F0xx_HAL_Driver/Src/stm32f0xx_hal_uart_ex.o
 .ARM.attributes
                0x000000000000045f       0x2c c:/st/stm32cubeide_1.9.0/stm32cubeide/plugins/com.st.stm32cube.ide.mcu.externaltools.gnu-tools-for-stm32.10.3-2021.10.win32_1.0.0.202111181127/tools/bin/../lib/gcc/arm-none-eabi/10.3.1/../../../../arm-none-eabi/lib/thumb/v6-m/nofp\libc_nano.a(lib_a-atoi.o)
 .ARM.attributes
                0x000000000000048b       0x2c c:/st/stm32cubeide_1.9.0/stm32cubeide/plugins/com.st.stm32cube.ide.mcu.externaltools.gnu-tools-for-stm32.10.3-2021.10.win32_1.0.0.202111181127/tools/bin/../lib/gcc/arm-none-eabi/10.3.1/../../../../arm-none-eabi/lib/thumb/v6-m/nofp\libc_nano.a(lib_a-errno.o)
 .ARM.attributes
                0x00000000000004b7       0x2c c:/st/stm32cubeide_1.9.0/stm32cubeide/plugins/com.st.stm32cube.ide.mcu.externaltools.gnu-tools-for-stm32.10.3-2021.10.win32_1.0.0.202111181127/tools/bin/../lib/gcc/arm-none-eabi/10.3.1/../../../../arm-none-eabi/lib/thumb/v6-m/nofp\libc_nano.a(lib_a-impure.o)
 .ARM.attributes
                0x00000000000004e3       0x2c c:/st/stm32cubeide_1.9.0/stm32cubeide/plugins/com.st.stm32cube.ide.mcu.externaltools.gnu-tools-for-stm32.10.3-2021.10.win32_1.0.0.202111181127/tools/bin/../lib/gcc/arm-none-eabi/10.3.1/../../../../arm-none-eabi/lib/thumb/v6-m/nofp\libc_nano.a(lib_a-init.o)
 .ARM.attributes
                0x000000000000050f       0x2c c:/st/stm32cubeide_1.9.0/stm32cubeide/plugins/com.st.stm32cube.ide.mcu.externaltools.gnu-tools-for-stm32.10.3-2021.10.win32_1.0.0.202111181127/tools/bin/../lib/gcc/arm-none-eabi/10.3.1/../../../../arm-none-eabi/lib/thumb/v6-m/nofp\libc_nano.a(lib_a-memcpy-stub.o)
 .ARM.attributes
                0x000000000000053b       0x2c c:/st/stm32cubeide_1.9.0/stm32cubeide/plugins/com.st.stm32cube.ide.mcu.externaltools.gnu-tools-for-stm32.10.3-2021.10.win32_1.0.0.202111181127/tools/bin/../lib/gcc/arm-none-eabi/10.3.1/../../../../arm-none-eabi/lib/thumb/v6-m/nofp\libc_nano.a(lib_a-memset.o)
 .ARM.attributes
                0x0000000000000567       0x2c c:/st/stm32cubeide_1.9.0/stm32cubeide/plugins/com.st.stm32cube.ide.mcu.externaltools.gnu-tools-for-stm32.10.3-2021.10.win32_1.0.0.202111181127/tools/bin/../lib/gcc/arm-none-eabi/10.3.1/../../../../arm-none-eabi/lib/thumb/v6-m/nofp\libc_nano.a(lib_a-snprintf.o)
 .ARM.attributes
                0x0000000000000593       0x2c c:/st/stm32cubeide_1.9.0/stm32cubeide/plugins/com.st.stm32cube.ide.mcu.externaltools.gnu-tools-for-stm32.10.3-2021.10.win32_1.0.0.202111181127/tools/bin/../lib/gcc/arm-none-eabi/10.3.1/../../../../arm-none-eabi/lib/thumb/v6-m/nofp\libc_nano.a(lib_a-strchr.o)
 .ARM.attributes
                0x00000000000005bf       0x1c c:/st/stm32cubeide_1.9.0/stm32cubeide/plugins/com.st.stm32cube.ide.mcu.externaltools.gnu-tools-for-stm32.10.3-2021.10.win32_1.0.0.202111181127/tools/bin/../lib/gcc/arm-none-eabi/10.3.1/../../../../arm-none-eabi/lib/thumb/v6-m/nofp\libc_nano.a(lib_a-strlen.o)
 .ARM.attributes
                0x00000000000005db       0x2c c:/st/stm32cubeide_1.9.0/stm32cubeide/plugins/com.st.stm32cube.ide.mcu.externaltools.gnu-tools-for-stm32.10.3-2021.10.win32_1.0.0.202111181127/tools/bin/../lib/gcc/arm-none-eabi/10.3.1/../../../../arm-none-eabi/lib/thumb/v6-m/nofp\libc_nano.a(lib_a-strtol.o)
 .ARM.attributes
                0x0000000000000607       0x2c c:/st/stm32cubeide_1.9.0/stm32cubeide/plugins/com.st.stm32cube.ide.mcu.externaltools.gnu-tools-for-stm32.10.3-2021.10.win32_1.0.0.202111181127/tools/bin/../lib/gcc/arm-none-eabi/10.3.1/../../../../arm-none-eabi/lib/thumb/v6-m/nofp\libc_nano.a(lib_a-ctype_.o)
 .ARM.attributes
                0x0000000000000633       0x2c c:/st/stm32cubeide_1.9.0/stm32cubeide/plugins/com.st.stm32cube.ide.mcu.externaltools.gnu-tools-for-stm32.10.3-2021.10.win32_1.0.0.202111181127/tools/bin/../lib/gcc/arm-none-eabi/10.3.1/../../../../arm-none-eabi/lib/thumb/v6-m/nofp\libc_nano.a(lib_a-nano-svfprintf.o)
 .ARM.attributes
                0x000000000000065f       0x2c c:/st/stm32cubeide_1.9.0/stm32cubeide/plugins/com.st.stm32cube.ide.mcu.externaltools.gnu-tools-for-stm32.10.3-2021.10.win32_1.0.0.202111181127/tools/bin/../lib/gcc/arm-none-eabi/10.3.1/../../../../arm-none-eabi/lib/thumb/v6-m/nofp\libc_nano.a(lib_a-nano-vfprintf_i.o)
 .ARM.attributes
                0x000000000000068b       0x2c c:/st/stm32cubeide_1.9.0/stm32cubeide/plugins/com.st.stm32cube.ide.mcu.externaltools.gnu-tools-for-stm32.10.3-2021.10.win32_1.0.0.202111181127/tools/bin/../lib/gcc/arm-none-eabi/10.3.1/../../../../arm-none-eabi/lib/thumb/v6-m/nofp\libc_nano.a(lib_a-memchr-stub.o)
 .ARM.attributes
                0x00000000000006b7       0x2c c:/st/stm32cubeide_1.9.0/stm32cubeide/plugins/com.st.stm32cube.ide.mcu.externaltools.gnu-tools-for-stm32.10.3-2021.10.win32_1.0.0.202111181127/tools/bin/../lib/gcc/arm-none-eabi/10.3.1/../../../../arm-none-eabi/lib/thumb/v6-m/nofp\libc_nano.a(lib_a-memmove.o)
 .ARM.attributes
                0x00000000000006e3       0x2c c:/st/stm32cubeide_1.9.0/stm32cubeide/plugins/com.st.stm32cube.ide.mcu.externaltools.gnu-tools-for-stm32.10.3-2021.10.win32_1.0.0.202111181127/tools/bin/../lib/gcc/arm-none-eabi/10.3.1/../../../../arm-none-eabi/lib/thumb/v6-m/nofp\libc_nano.a(lib_a-nano-freer.o)
 .ARM.attributes
                0x000000000000070f       0x2c c:/st/stm32cubeide_1.9.0/stm32cubeide/plugins/com.st.stm32cube.ide.mcu.externaltools.gnu-tools-for-stm32.10.3-2021.10.win32_1.0.0.202111181127/tools/bin/../lib/gcc/arm-none-eabi/10.3.1/../../../../arm-none-eabi/lib/thumb/v6-m/nofp\libc_nano.a(lib_a-nano-mallocr.o)
 .ARM.attributes
                0x000000000000073b       0x2c c:/st/stm32cubeide_1.9.0/stm32cubeide/plugins/com.st.stm32cube.ide.mcu.externaltools.gnu-tools-for-stm32.10.3-2021.10.win32_1.0.0.202111181127/tools/bin/../lib/gcc/arm-none-eabi/10.3.1/../../../../arm-none-eabi/lib/thumb/v6-m/nofp\libc_nano.a(lib_a-nano-reallocr.o)
 .ARM.attributes
                0x0000000000000767       0x2c c:/st/stm32cubeide_1.9.0/stm32cubeide/plugins/com.st.stm32cube.ide.mcu.externaltools.gnu-tools-for-stm32.10.3-2021.10.win32_1.0.0.202111181127/tools/bin/../lib/gcc/arm-none-eabi/10.3.1/../../../../arm-none-eabi/lib/thumb/v6-m/nofp\libc_nano.a(lib_a-sbrkr.o)
 .ARM.attributes
                0x0000000000000793       0x2c c:/st/stm32cubeide_1.9.0/stm32cubeide/plugins/com.st.stm32cube.ide.mcu.externaltools.gnu-tools-for-stm32.10.3-2021.10.win32_1.0.0.202111181127/tools/bin/../lib/gcc/arm-none-eabi/10.3.1/../../../../arm-none-eabi/lib/thumb/v6-m/nofp\libc_nano.a(lib_a-mlock.o)
 .ARM.attributes
                0x00000000000007bf       0x2c c:/st/stm32cubeide_1.9.0/stm32cubeide/plugins/com.st.stm32cube.ide.mcu.externaltools.gnu-tools-for-stm32.10.3-2021.10.win32_1.0.0.202111181127/tools/bin/../lib/gcc/arm-none-eabi/10.3.1/../../../../arm-none-eabi/lib/thumb/v6-m/nofp\libc_nano.a(lib_a-nano-msizer.o)
 .ARM.attributes
                0x00000000000007eb       0x2c c:/st/stm32cubeide_1.9.0/stm32cubeide/plugins/com.st.stm32cube.ide.mcu.externaltools.gnu-tools-for-stm32.10.3-2021.10.win32_1.0.0.202111181127/tools/bin/../lib/gcc/arm-none-eabi/10.3.1/../../../../arm-none-eabi/lib/thumb/v6-m/nofp\libc_nano.a(lib_a-reent.o)
 .ARM.attributes
                0x0000000000000817       0x2c c:/st/stm32cubeide_1.9.0/stm32cubeide/plugins/com.st.stm32cube.ide.mcu.externaltools.gnu-tools-for-stm32.10.3-2021.10.win32_1.0.0.202111181127/tools/bin/../lib/gcc/arm-none-eabi/10.3.1/../../../../arm-none-eabi/lib/thumb/v6-m/nofp\libc_nano.a(lib_a-lock.o)
 .ARM.attributes
                0x0000000000000843       0x1e c:/st/stm32cubeide_1.9.0/stm32cubeide/plugins/com.st.stm32cube.ide.mcu.externaltools.gnu-tools-for-stm32.10.3-2021.10.win32_1.0.0.202111181127/tools/bin/../lib/gcc/arm-none-eabi/10.3.1/thumb/v6-m/nofp\libgcc.a(_thumb1_case_shi.o)
 .ARM.attributes
                0x0000000000000861       0x1e c:/st/stm32cubeide_1.9.0/stm32cubeide/plugins/com.st.stm32cube.ide.mcu.externaltools.gnu-tools-for-stm32.10.3-2021.10.win32_1.0.0.202111181127/tools/bin/../lib/gcc/arm-none-eabi/10.3.1/thumb/v6-m/nofp\libgcc.a(_udivsi3.o)
 .ARM.attributes
                0x000000000000087f       0x1e c:/st/stm32cubeide_1.9.0/stm32cubeide/plugins/com.st.stm32cube.ide.mcu.externaltools.gnu-tools-for-stm32.10.3-2021.10.win32_1.0.0.202111181127/tools/bin/../lib/gcc/arm-none-eabi/10.3.1/thumb/v6-m/nofp\libgcc.a(_divsi3.o)
 .ARM.attributes
                0x000000000000089d       0x1e c:/st/stm32cubeide_1.9.0/stm32cubeide/plugins/com.st.stm32cube.ide.mcu.externaltools.gnu-tools-for-stm32.10.3-2021.10.win32_1.0.0.202111181127/tools/bin/../lib/gcc/arm-none-eabi/10.3.1/thumb/v6-m/nofp\libgcc.a(_dvmd_tls.o)
 .ARM.attributes
                0x00000000000008bb       0x2c c:/st/stm32cubeide_1.9.0/stm32cubeide/plugins/com.st.stm32cube.ide.mcu.externaltools.gnu-tools-for-stm32.10.3-2021.10.win32_1.0.0.202111181127/tools/bin/../lib/gcc/arm-none-eabi/10.3.1/thumb/v6-m/nofp\libgcc.a(floatsisf.o)
 .ARM.attributes
                0x00000000000008e7       0x2c c:/st/stm32cubeide_1.9.0/stm32cubeide/plugins/com.st.stm32cube.ide.mcu.externaltools.gnu-tools-for-stm32.10.3-2021.10.win32_1.0.0.202111181127/tools/bin/../lib/gcc/arm-none-eabi/10.3.1/thumb/v6-m/nofp\libgcc.a(adddf3.o)
 .ARM.attributes
                0x0000000000000913       0x2c c:/st/stm32cubeide_1.9.0/stm32cubeide/plugins/com.st.stm32cube.ide.mcu.externaltools.gnu-tools-for-stm32.10.3-2021.10.win32_1.0.0.202111181127/tools/bin/../lib/gcc/arm-none-eabi/10.3.1/thumb/v6-m/nofp\libgcc.a(divdf3.o)
 .ARM.attributes
                0x000000000000093f       0x2c c:/st/stm32cubeide_1.9.0/stm32cubeide/plugins/com.st.stm32cube.ide.mcu.externaltools.gnu-tools-for-stm32.10.3-2021.10.win32_1.0.0.202111181127/tools/bin/../lib/gcc/arm-none-eabi/10.3.1/thumb/v6-m/nofp\libgcc.a(muldf3.o)
 .ARM.attributes
                0x000000000000096b       0x2c c:/st/stm32cubeide_1.9.0/stm32cubeide/plugins/com.st.stm32cube.ide.mcu.externaltools.gnu-tools-for-stm32.10.3-2021.10.win32_1.0.0.202111181127/tools/bin/../lib/gcc/arm-none-eabi/10.3.1/thumb/v6-m/nofp\libgcc.a(fixdfsi.o)
 .ARM.attributes
                0x0000000000000997       0x2c c:/st/stm32cubeide_1.9.0/stm32cubeide/plugins/com.st.stm32cube.ide.mcu.externaltools.gnu-tools-for-stm32.10.3-2021.10.win32_1.0.0.202111181127/tools/bin/../lib/gcc/arm-none-eabi/10.3.1/thumb/v6-m/nofp\libgcc.a(extendsfdf2.o)
 .ARM.attributes
                0x00000000000009c3       0x1e c:/st/stm32cubeide_1.9.0/stm32cubeide/plugins/com.st.stm32cube.ide.mcu.externaltools.gnu-tools-for-stm32.10.3-2021.10.win32_1.0.0.202111181127/tools/bin/../lib/gcc/arm-none-eabi/10.3.1/thumb/v6-m/nofp\libgcc.a(_clzsi2.o)
 .ARM.attributes
                0x00000000000009e1       0x1e c:/st/stm32cubeide_1.9.0/stm32cubeide/plugins/com.st.stm32cube.ide.mcu.externaltools.gnu-tools-for-stm32.10.3-2021.10.win32_1.0.0.202111181127/tools/bin/../lib/gcc/arm-none-eabi/10.3.1/thumb/v6-m/nofp/crtn.o
OUTPUT(Beed_Servo_Motor_JIG-new.elf elf32-littlearm)
LOAD linker stubs
LOAD c:/st/stm32cubeide_1.9.0/stm32cubeide/plugins/com.st.stm32cube.ide.mcu.externaltools.gnu-tools-for-stm32.10.3-2021.10.win32_1.0.0.202111181127/tools/bin/../lib/gcc/arm-none-eabi/10.3.1/../../../../arm-none-eabi/lib/thumb/v6-m/nofp\libc.a
LOAD c:/st/stm32cubeide_1.9.0/stm32cubeide/plugins/com.st.stm32cube.ide.mcu.externaltools.gnu-tools-for-stm32.10.3-2021.10.win32_1.0.0.202111181127/tools/bin/../lib/gcc/arm-none-eabi/10.3.1/../../../../arm-none-eabi/lib/thumb/v6-m/nofp\libm.a
LOAD c:/st/stm32cubeide_1.9.0/stm32cubeide/plugins/com.st.stm32cube.ide.mcu.externaltools.gnu-tools-for-stm32.10.3-2021.10.win32_1.0.0.202111181127/tools/bin/../lib/gcc/arm-none-eabi/10.3.1/thumb/v6-m/nofp\libgcc.a

.debug_info     0x0000000000000000    0x15cfa
 .debug_info    0x0000000000000000      0x998 ./Core/Src/addressable_led.o
 .debug_info    0x0000000000000998      0x8da ./Core/Src/decode_packet.o
 .debug_info    0x0000000000001272      0x9db ./Core/Src/functions.o
 .debug_info    0x0000000000001c4d     0x1e97 ./Core/Src/main.o
 .debug_info    0x0000000000003ae4      0x8ee ./Core/Src/servo.o
 .debug_info    0x00000000000043d2     0x166a ./Core/Src/stm32f0xx_hal_msp.o
 .debug_info    0x0000000000005a3c      0xae0 ./Core/Src/stm32f0xx_it.o
 .debug_info    0x000000000000651c      0x171 ./Core/Src/sysmem.o
 .debug_info    0x000000000000668d      0x269 ./Core/Src/system_stm32f0xx.o
 .debug_info    0x00000000000068f6      0x874 ./Core/Src/uart.o
 .debug_info    0x000000000000716a       0x22 ./Core/Startup/startup_stm32f072cbtx.o
 .debug_info    0x000000000000718c      0x6f6 ./Drivers/STM32F0xx_HAL_Driver/Src/stm32f0xx_hal.o
 .debug_info    0x0000000000007882      0xcfd ./Drivers/STM32F0xx_HAL_Driver/Src/stm32f0xx_hal_adc.o
 .debug_info    0x000000000000857f      0x723 ./Drivers/STM32F0xx_HAL_Driver/Src/stm32f0xx_hal_cortex.o
 .debug_info    0x0000000000008ca2      0x75c ./Drivers/STM32F0xx_HAL_Driver/Src/stm32f0xx_hal_dma.o
 .debug_info    0x00000000000093fe      0x628 ./Drivers/STM32F0xx_HAL_Driver/Src/stm32f0xx_hal_gpio.o
 .debug_info    0x0000000000009a26     0x2153 ./Drivers/STM32F0xx_HAL_Driver/Src/stm32f0xx_hal_i2c.o
 .debug_info    0x000000000000bb79      0x8a4 ./Drivers/STM32F0xx_HAL_Driver/Src/stm32f0xx_hal_i2c_ex.o
 .debug_info    0x000000000000c41d      0x8ac ./Drivers/STM32F0xx_HAL_Driver/Src/stm32f0xx_hal_rcc.o
 .debug_info    0x000000000000ccc9      0x654 ./Drivers/STM32F0xx_HAL_Driver/Src/stm32f0xx_hal_rcc_ex.o
 .debug_info    0x000000000000d31d     0x2b73 ./Drivers/STM32F0xx_HAL_Driver/Src/stm32f0xx_hal_tim.o
 .debug_info    0x000000000000fe90     0x1598 ./Drivers/STM32F0xx_HAL_Driver/Src/stm32f0xx_hal_tim_ex.o
 .debug_info    0x0000000000011428     0x3c16 ./Drivers/STM32F0xx_HAL_Driver/Src/stm32f0xx_hal_uart.o
 .debug_info    0x000000000001503e      0xcbc ./Drivers/STM32F0xx_HAL_Driver/Src/stm32f0xx_hal_uart_ex.o

.debug_abbrev   0x0000000000000000     0x2f82
 .debug_abbrev  0x0000000000000000      0x21d ./Core/Src/addressable_led.o
 .debug_abbrev  0x000000000000021d      0x1ec ./Core/Src/decode_packet.o
 .debug_abbrev  0x0000000000000409      0x219 ./Core/Src/functions.o
 .debug_abbrev  0x0000000000000622      0x30c ./Core/Src/main.o
 .debug_abbrev  0x000000000000092e      0x1d7 ./Core/Src/servo.o
 .debug_abbrev  0x0000000000000b05      0x24b ./Core/Src/stm32f0xx_hal_msp.o
 .debug_abbrev  0x0000000000000d50      0x184 ./Core/Src/stm32f0xx_it.o
 .debug_abbrev  0x0000000000000ed4       0xbb ./Core/Src/sysmem.o
 .debug_abbrev  0x0000000000000f8f      0x116 ./Core/Src/system_stm32f0xx.o
 .debug_abbrev  0x00000000000010a5      0x202 ./Core/Src/uart.o
 .debug_abbrev  0x00000000000012a7       0x12 ./Core/Startup/startup_stm32f072cbtx.o
 .debug_abbrev  0x00000000000012b9      0x20e ./Drivers/STM32F0xx_HAL_Driver/Src/stm32f0xx_hal.o
 .debug_abbrev  0x00000000000014c7      0x243 ./Drivers/STM32F0xx_HAL_Driver/Src/stm32f0xx_hal_adc.o
 .debug_abbrev  0x000000000000170a      0x283 ./Drivers/STM32F0xx_HAL_Driver/Src/stm32f0xx_hal_cortex.o
 .debug_abbrev  0x000000000000198d      0x218 ./Drivers/STM32F0xx_HAL_Driver/Src/stm32f0xx_hal_dma.o
 .debug_abbrev  0x0000000000001ba5      0x1bb ./Drivers/STM32F0xx_HAL_Driver/Src/stm32f0xx_hal_gpio.o
 .debug_abbrev  0x0000000000001d60      0x243 ./Drivers/STM32F0xx_HAL_Driver/Src/stm32f0xx_hal_i2c.o
 .debug_abbrev  0x0000000000001fa3      0x1b0 ./Drivers/STM32F0xx_HAL_Driver/Src/stm32f0xx_hal_i2c_ex.o
 .debug_abbrev  0x0000000000002153      0x283 ./Drivers/STM32F0xx_HAL_Driver/Src/stm32f0xx_hal_rcc.o
 .debug_abbrev  0x00000000000023d6      0x19f ./Drivers/STM32F0xx_HAL_Driver/Src/stm32f0xx_hal_rcc_ex.o
 .debug_abbrev  0x0000000000002575      0x25d ./Drivers/STM32F0xx_HAL_Driver/Src/stm32f0xx_hal_tim.o
 .debug_abbrev  0x00000000000027d2      0x265 ./Drivers/STM32F0xx_HAL_Driver/Src/stm32f0xx_hal_tim_ex.o
 .debug_abbrev  0x0000000000002a37      0x2ba ./Drivers/STM32F0xx_HAL_Driver/Src/stm32f0xx_hal_uart.o
 .debug_abbrev  0x0000000000002cf1      0x291 ./Drivers/STM32F0xx_HAL_Driver/Src/stm32f0xx_hal_uart_ex.o

.debug_aranges  0x0000000000000000     0x11f8
 .debug_aranges
                0x0000000000000000       0x50 ./Core/Src/addressable_led.o
 .debug_aranges
                0x0000000000000050       0x30 ./Core/Src/decode_packet.o
 .debug_aranges
                0x0000000000000080       0x30 ./Core/Src/functions.o
 .debug_aranges
                0x00000000000000b0       0x88 ./Core/Src/main.o
 .debug_aranges
                0x0000000000000138       0x30 ./Core/Src/servo.o
 .debug_aranges
                0x0000000000000168       0x78 ./Core/Src/stm32f0xx_hal_msp.o
 .debug_aranges
                0x00000000000001e0       0x70 ./Core/Src/stm32f0xx_it.o
 .debug_aranges
                0x0000000000000250       0x20 ./Core/Src/sysmem.o
 .debug_aranges
                0x0000000000000270       0x28 ./Core/Src/system_stm32f0xx.o
 .debug_aranges
                0x0000000000000298       0x38 ./Core/Src/uart.o
 .debug_aranges
                0x00000000000002d0       0x28 ./Core/Startup/startup_stm32f072cbtx.o
 .debug_aranges
                0x00000000000002f8       0xd0 ./Drivers/STM32F0xx_HAL_Driver/Src/stm32f0xx_hal.o
 .debug_aranges
                0x00000000000003c8       0xf8 ./Drivers/STM32F0xx_HAL_Driver/Src/stm32f0xx_hal_adc.o
 .debug_aranges
                0x00000000000004c0       0xc0 ./Drivers/STM32F0xx_HAL_Driver/Src/stm32f0xx_hal_cortex.o
 .debug_aranges
                0x0000000000000580       0x88 ./Drivers/STM32F0xx_HAL_Driver/Src/stm32f0xx_hal_dma.o
 .debug_aranges
                0x0000000000000608       0x58 ./Drivers/STM32F0xx_HAL_Driver/Src/stm32f0xx_hal_gpio.o
 .debug_aranges
                0x0000000000000660      0x290 ./Drivers/STM32F0xx_HAL_Driver/Src/stm32f0xx_hal_i2c.o
 .debug_aranges
                0x00000000000008f0       0x48 ./Drivers/STM32F0xx_HAL_Driver/Src/stm32f0xx_hal_i2c_ex.o
 .debug_aranges
                0x0000000000000938       0x80 ./Drivers/STM32F0xx_HAL_Driver/Src/stm32f0xx_hal_rcc.o
 .debug_aranges
                0x00000000000009b8       0x78 ./Drivers/STM32F0xx_HAL_Driver/Src/stm32f0xx_hal_rcc_ex.o
 .debug_aranges
                0x0000000000000a30      0x3d0 ./Drivers/STM32F0xx_HAL_Driver/Src/stm32f0xx_hal_tim.o
 .debug_aranges
                0x0000000000000e00      0x168 ./Drivers/STM32F0xx_HAL_Driver/Src/stm32f0xx_hal_tim_ex.o
 .debug_aranges
                0x0000000000000f68      0x228 ./Drivers/STM32F0xx_HAL_Driver/Src/stm32f0xx_hal_uart.o
 .debug_aranges
                0x0000000000001190       0x68 ./Drivers/STM32F0xx_HAL_Driver/Src/stm32f0xx_hal_uart_ex.o

.debug_ranges   0x0000000000000000     0x10b0
 .debug_ranges  0x0000000000000000       0x40 ./Core/Src/addressable_led.o
 .debug_ranges  0x0000000000000040       0x20 ./Core/Src/decode_packet.o
 .debug_ranges  0x0000000000000060       0x20 ./Core/Src/functions.o
 .debug_ranges  0x0000000000000080       0x78 ./Core/Src/main.o
 .debug_ranges  0x00000000000000f8       0x20 ./Core/Src/servo.o
 .debug_ranges  0x0000000000000118       0x68 ./Core/Src/stm32f0xx_hal_msp.o
 .debug_ranges  0x0000000000000180       0x60 ./Core/Src/stm32f0xx_it.o
 .debug_ranges  0x00000000000001e0       0x10 ./Core/Src/sysmem.o
 .debug_ranges  0x00000000000001f0       0x18 ./Core/Src/system_stm32f0xx.o
 .debug_ranges  0x0000000000000208       0x28 ./Core/Src/uart.o
 .debug_ranges  0x0000000000000230       0x20 ./Core/Startup/startup_stm32f072cbtx.o
 .debug_ranges  0x0000000000000250       0xc0 ./Drivers/STM32F0xx_HAL_Driver/Src/stm32f0xx_hal.o
 .debug_ranges  0x0000000000000310       0xe8 ./Drivers/STM32F0xx_HAL_Driver/Src/stm32f0xx_hal_adc.o
 .debug_ranges  0x00000000000003f8       0xb0 ./Drivers/STM32F0xx_HAL_Driver/Src/stm32f0xx_hal_cortex.o
 .debug_ranges  0x00000000000004a8       0x78 ./Drivers/STM32F0xx_HAL_Driver/Src/stm32f0xx_hal_dma.o
 .debug_ranges  0x0000000000000520       0x48 ./Drivers/STM32F0xx_HAL_Driver/Src/stm32f0xx_hal_gpio.o
 .debug_ranges  0x0000000000000568      0x280 ./Drivers/STM32F0xx_HAL_Driver/Src/stm32f0xx_hal_i2c.o
 .debug_ranges  0x00000000000007e8       0x38 ./Drivers/STM32F0xx_HAL_Driver/Src/stm32f0xx_hal_i2c_ex.o
 .debug_ranges  0x0000000000000820       0x70 ./Drivers/STM32F0xx_HAL_Driver/Src/stm32f0xx_hal_rcc.o
 .debug_ranges  0x0000000000000890       0x68 ./Drivers/STM32F0xx_HAL_Driver/Src/stm32f0xx_hal_rcc_ex.o
 .debug_ranges  0x00000000000008f8      0x3c0 ./Drivers/STM32F0xx_HAL_Driver/Src/stm32f0xx_hal_tim.o
 .debug_ranges  0x0000000000000cb8      0x158 ./Drivers/STM32F0xx_HAL_Driver/Src/stm32f0xx_hal_tim_ex.o
 .debug_ranges  0x0000000000000e10      0x248 ./Drivers/STM32F0xx_HAL_Driver/Src/stm32f0xx_hal_uart.o
 .debug_ranges  0x0000000000001058       0x58 ./Drivers/STM32F0xx_HAL_Driver/Src/stm32f0xx_hal_uart_ex.o

.debug_macro    0x0000000000000000    0x1c22b
 .debug_macro   0x0000000000000000      0x1f4 ./Core/Src/addressable_led.o
 .debug_macro   0x00000000000001f4      0xa4e ./Core/Src/addressable_led.o
 .debug_macro   0x0000000000000c42      0x139 ./Core/Src/addressable_led.o
 .debug_macro   0x0000000000000d7b       0x2e ./Core/Src/addressable_led.o
 .debug_macro   0x0000000000000da9       0x22 ./Core/Src/addressable_led.o
 .debug_macro   0x0000000000000dcb       0x22 ./Core/Src/addressable_led.o
 .debug_macro   0x0000000000000ded       0x8e ./Core/Src/addressable_led.o
 .debug_macro   0x0000000000000e7b       0x51 ./Core/Src/addressable_led.o
 .debug_macro   0x0000000000000ecc      0x103 ./Core/Src/addressable_led.o
 .debug_macro   0x0000000000000fcf       0x6a ./Core/Src/addressable_led.o
 .debug_macro   0x0000000000001039      0x1df ./Core/Src/addressable_led.o
 .debug_macro   0x0000000000001218       0x1c ./Core/Src/addressable_led.o
 .debug_macro   0x0000000000001234       0x22 ./Core/Src/addressable_led.o
 .debug_macro   0x0000000000001256       0xaf ./Core/Src/addressable_led.o
 .debug_macro   0x0000000000001305      0x391 ./Core/Src/addressable_led.o
 .debug_macro   0x0000000000001696     0xfe57 ./Core/Src/addressable_led.o
 .debug_macro   0x00000000000114ed       0x66 ./Core/Src/addressable_led.o
 .debug_macro   0x0000000000011553     0x34a6 ./Core/Src/addressable_led.o
 .debug_macro   0x00000000000149f9      0x174 ./Core/Src/addressable_led.o
 .debug_macro   0x0000000000014b6d       0x55 ./Core/Src/addressable_led.o
 .debug_macro   0x0000000000014bc2      0x946 ./Core/Src/addressable_led.o
 .debug_macro   0x0000000000015508      0x5f3 ./Core/Src/addressable_led.o
 .debug_macro   0x0000000000015afb      0x1af ./Core/Src/addressable_led.o
 .debug_macro   0x0000000000015caa      0x1a7 ./Core/Src/addressable_led.o
 .debug_macro   0x0000000000015e51      0x1a7 ./Core/Src/addressable_led.o
 .debug_macro   0x0000000000015ff8      0x22c ./Core/Src/addressable_led.o
 .debug_macro   0x0000000000016224       0x34 ./Core/Src/addressable_led.o
 .debug_macro   0x0000000000016258       0x43 ./Core/Src/addressable_led.o
 .debug_macro   0x000000000001629b       0x28 ./Core/Src/addressable_led.o
 .debug_macro   0x00000000000162c3      0x33d ./Core/Src/addressable_led.o
 .debug_macro   0x0000000000016600       0xd4 ./Core/Src/addressable_led.o
 .debug_macro   0x00000000000166d4       0xb0 ./Core/Src/addressable_led.o
 .debug_macro   0x0000000000016784      0x217 ./Core/Src/addressable_led.o
 .debug_macro   0x000000000001699b      0x22c ./Core/Src/addressable_led.o
 .debug_macro   0x0000000000016bc7       0x61 ./Core/Src/addressable_led.o
 .debug_macro   0x0000000000016c28       0xa5 ./Core/Src/addressable_led.o
 .debug_macro   0x0000000000016ccd       0x4c ./Core/Src/addressable_led.o
 .debug_macro   0x0000000000016d19      0x16d ./Core/Src/addressable_led.o
 .debug_macro   0x0000000000016e86      0x8d8 ./Core/Src/addressable_led.o
 .debug_macro   0x000000000001775e       0x28 ./Core/Src/addressable_led.o
 .debug_macro   0x0000000000017786      0x5a5 ./Core/Src/addressable_led.o
 .debug_macro   0x0000000000017d2b       0x44 ./Core/Src/addressable_led.o
 .debug_macro   0x0000000000017d6f      0x130 ./Core/Src/addressable_led.o
 .debug_macro   0x0000000000017e9f       0x28 ./Core/Src/addressable_led.o
 .debug_macro   0x0000000000017ec7       0x3a ./Core/Src/addressable_led.o
 .debug_macro   0x0000000000017f01      0x39d ./Core/Src/decode_packet.o
 .debug_macro   0x000000000001829e       0x4c ./Core/Src/decode_packet.o
 .debug_macro   0x00000000000182ea       0x18 ./Core/Src/decode_packet.o
 .debug_macro   0x0000000000018302       0x94 ./Core/Src/decode_packet.o
 .debug_macro   0x0000000000018396       0x3c ./Core/Src/decode_packet.o
 .debug_macro   0x00000000000183d2       0x34 ./Core/Src/decode_packet.o
 .debug_macro   0x0000000000018406       0x16 ./Core/Src/decode_packet.o
 .debug_macro   0x000000000001841c       0x57 ./Core/Src/decode_packet.o
 .debug_macro   0x0000000000018473       0x97 ./Core/Src/decode_packet.o
 .debug_macro   0x000000000001850a      0x341 ./Core/Src/decode_packet.o
 .debug_macro   0x000000000001884b       0xfd ./Core/Src/decode_packet.o
 .debug_macro   0x0000000000018948       0x10 ./Core/Src/decode_packet.o
 .debug_macro   0x0000000000018958       0x16 ./Core/Src/decode_packet.o
 .debug_macro   0x000000000001896e       0x43 ./Core/Src/decode_packet.o
 .debug_macro   0x00000000000189b1       0x34 ./Core/Src/decode_packet.o
 .debug_macro   0x00000000000189e5       0x10 ./Core/Src/decode_packet.o
 .debug_macro   0x00000000000189f5       0x58 ./Core/Src/decode_packet.o
 .debug_macro   0x0000000000018a4d       0x71 ./Core/Src/decode_packet.o
 .debug_macro   0x0000000000018abe       0x1c ./Core/Src/decode_packet.o
 .debug_macro   0x0000000000018ada      0x12a ./Core/Src/decode_packet.o
 .debug_macro   0x0000000000018c04       0x10 ./Core/Src/decode_packet.o
 .debug_macro   0x0000000000018c14       0x1c ./Core/Src/decode_packet.o
 .debug_macro   0x0000000000018c30       0x52 ./Core/Src/decode_packet.o
 .debug_macro   0x0000000000018c82       0x22 ./Core/Src/decode_packet.o
 .debug_macro   0x0000000000018ca4       0x10 ./Core/Src/decode_packet.o
 .debug_macro   0x0000000000018cb4       0x52 ./Core/Src/decode_packet.o
 .debug_macro   0x0000000000018d06       0xd5 ./Core/Src/decode_packet.o
 .debug_macro   0x0000000000018ddb       0x1c ./Core/Src/decode_packet.o
 .debug_macro   0x0000000000018df7       0x3d ./Core/Src/decode_packet.o
 .debug_macro   0x0000000000018e34       0x16 ./Core/Src/decode_packet.o
 .debug_macro   0x0000000000018e4a      0x145 ./Core/Src/decode_packet.o
 .debug_macro   0x0000000000018f8f       0x16 ./Core/Src/decode_packet.o
 .debug_macro   0x0000000000018fa5       0x35 ./Core/Src/decode_packet.o
 .debug_macro   0x0000000000018fda       0x20 ./Core/Src/decode_packet.o
 .debug_macro   0x0000000000018ffa       0x16 ./Core/Src/decode_packet.o
 .debug_macro   0x0000000000019010       0x16 ./Core/Src/decode_packet.o
 .debug_macro   0x0000000000019026       0x29 ./Core/Src/decode_packet.o
 .debug_macro   0x000000000001904f       0x4f ./Core/Src/decode_packet.o
 .debug_macro   0x000000000001909e      0x3de ./Core/Src/functions.o
 .debug_macro   0x000000000001947c       0x2e ./Core/Src/functions.o
 .debug_macro   0x00000000000194aa      0x3e8 ./Core/Src/main.o
 .debug_macro   0x0000000000019892       0xe8 ./Core/Src/main.o
 .debug_macro   0x000000000001997a      0x1e9 ./Core/Src/servo.o
 .debug_macro   0x0000000000019b63       0xee ./Core/Src/servo.o
 .debug_macro   0x0000000000019c51      0x1e5 ./Core/Src/stm32f0xx_hal_msp.o
 .debug_macro   0x0000000000019e36      0x1f9 ./Core/Src/stm32f0xx_it.o
 .debug_macro   0x000000000001a02f       0xff ./Core/Src/sysmem.o
 .debug_macro   0x000000000001a12e      0x23b ./Core/Src/sysmem.o
 .debug_macro   0x000000000001a369      0x1d6 ./Core/Src/system_stm32f0xx.o
 .debug_macro   0x000000000001a53f      0x3b8 ./Core/Src/uart.o
 .debug_macro   0x000000000001a8f7      0x1fa ./Drivers/STM32F0xx_HAL_Driver/Src/stm32f0xx_hal.o
 .debug_macro   0x000000000001aaf1      0x1fa ./Drivers/STM32F0xx_HAL_Driver/Src/stm32f0xx_hal_adc.o
 .debug_macro   0x000000000001aceb      0x1d6 ./Drivers/STM32F0xx_HAL_Driver/Src/stm32f0xx_hal_cortex.o
 .debug_macro   0x000000000001aec1      0x1d6 ./Drivers/STM32F0xx_HAL_Driver/Src/stm32f0xx_hal_dma.o
 .debug_macro   0x000000000001b097      0x1dd ./Drivers/STM32F0xx_HAL_Driver/Src/stm32f0xx_hal_gpio.o
 .debug_macro   0x000000000001b274      0x29b ./Drivers/STM32F0xx_HAL_Driver/Src/stm32f0xx_hal_i2c.o
 .debug_macro   0x000000000001b50f      0x1d6 ./Drivers/STM32F0xx_HAL_Driver/Src/stm32f0xx_hal_i2c_ex.o
 .debug_macro   0x000000000001b6e5      0x1e8 ./Drivers/STM32F0xx_HAL_Driver/Src/stm32f0xx_hal_rcc.o
 .debug_macro   0x000000000001b8cd      0x1e8 ./Drivers/STM32F0xx_HAL_Driver/Src/stm32f0xx_hal_rcc_ex.o
 .debug_macro   0x000000000001bab5      0x1d7 ./Drivers/STM32F0xx_HAL_Driver/Src/stm32f0xx_hal_tim.o
 .debug_macro   0x000000000001bc8c      0x1d6 ./Drivers/STM32F0xx_HAL_Driver/Src/stm32f0xx_hal_tim_ex.o
 .debug_macro   0x000000000001be62      0x1f3 ./Drivers/STM32F0xx_HAL_Driver/Src/stm32f0xx_hal_uart.o
 .debug_macro   0x000000000001c055      0x1d6 ./Drivers/STM32F0xx_HAL_Driver/Src/stm32f0xx_hal_uart_ex.o

.debug_line     0x0000000000000000    0x177cb
 .debug_line    0x0000000000000000      0x8ae ./Core/Src/addressable_led.o
 .debug_line    0x00000000000008ae      0xa6e ./Core/Src/decode_packet.o
 .debug_line    0x000000000000131c      0xab1 ./Core/Src/functions.o
 .debug_line    0x0000000000001dcd      0xdab ./Core/Src/main.o
 .debug_line    0x0000000000002b78      0x810 ./Core/Src/servo.o
 .debug_line    0x0000000000003388      0x9aa ./Core/Src/stm32f0xx_hal_msp.o
 .debug_line    0x0000000000003d32      0x808 ./Core/Src/stm32f0xx_it.o
 .debug_line    0x000000000000453a      0x4e5 ./Core/Src/sysmem.o
 .debug_line    0x0000000000004a1f      0x78c ./Core/Src/system_stm32f0xx.o
 .debug_line    0x00000000000051ab      0x9f5 ./Core/Src/uart.o
 .debug_line    0x0000000000005ba0       0x89 ./Core/Startup/startup_stm32f072cbtx.o
 .debug_line    0x0000000000005c29      0x97f ./Drivers/STM32F0xx_HAL_Driver/Src/stm32f0xx_hal.o
 .debug_line    0x00000000000065a8     0x11c5 ./Drivers/STM32F0xx_HAL_Driver/Src/stm32f0xx_hal_adc.o
 .debug_line    0x000000000000776d      0xa2b ./Drivers/STM32F0xx_HAL_Driver/Src/stm32f0xx_hal_cortex.o
 .debug_line    0x0000000000008198      0xc9b ./Drivers/STM32F0xx_HAL_Driver/Src/stm32f0xx_hal_dma.o
 .debug_line    0x0000000000008e33      0xb11 ./Drivers/STM32F0xx_HAL_Driver/Src/stm32f0xx_hal_gpio.o
 .debug_line    0x0000000000009944     0x32cf ./Drivers/STM32F0xx_HAL_Driver/Src/stm32f0xx_hal_i2c.o