../Core/Src/main.c:110:5:main	280	static
../Core/Src/main.c:198:6:SystemClock_Config	112	static
../Core/Src/main.c:248:13:MX_NVIC_Init	8	static
../Core/Src/main.c:260:13:MX_ADC_Init	24	static
../Core/Src/main.c:338:13:MX_I2C1_Init	8	static
../Core/Src/main.c:386:13:MX_TIM2_Init	64	static
../Core/Src/main.c:435:13:MX_TIM3_Init	64	static
../Core/Src/main.c:502:13:MX_TIM14_Init	40	static
../Core/Src/main.c:548:13:MX_TIM16_Init	72	static
../Core/Src/main.c:610:13:MX_TIM17_Init	8	static
../Core/Src/main.c:642:13:MX_USART2_UART_Init	8	static
../Core/Src/main.c:675:13:MX_DMA_Init	16	static
../Core/Src/main.c:699:13:MX_GPIO_Init	48	static
../Core/Src/main.c:753:6:Error_Handler	8	static,ignoring_inline_asm
