../Core/Src/stm32f0xx_it.c:75:6:NMI_Handler	8	static
../Core/Src/stm32f0xx_it.c:90:6:HardFault_Handler	8	static
../Core/Src/stm32f0xx_it.c:105:6:SVC_Handler	8	static
../Core/Src/stm32f0xx_it.c:118:6:PendSV_Handler	8	static
../Core/Src/stm32f0xx_it.c:131:6:SysTick_Handler	8	static
../Core/Src/stm32f0xx_it.c:152:6:EXTI4_15_IRQHandler	8	static
../Core/Src/stm32f0xx_it.c:166:6:DMA1_Channel1_IRQHandler	8	static
../Core/Src/stm32f0xx_it.c:180:6:DMA1_Channel2_3_IRQHandler	8	static
../Core/Src/stm32f0xx_it.c:194:6:DMA1_Channel4_5_6_7_IRQHandler	8	static
../Core/Src/stm32f0xx_it.c:208:6:TIM17_IRQHandler	8	static
../Core/Src/stm32f0xx_it.c:222:6:USART2_IRQHandler	8	static
